Archive member included because of file (symbol)

c:/freescale/kds_v3/toolchain/bin/../lib/gcc/arm-none-eabi/4.8.4/../../../../arm-none-eabi/lib/armv6-m\libg_s.a(lib_a-exit.o)
                              c:/freescale/kds_v3/toolchain/bin/../lib/gcc/arm-none-eabi/4.8.4/../../../../arm-none-eabi/lib/armv6-m/crt0.o (exit)
c:/freescale/kds_v3/toolchain/bin/../lib/gcc/arm-none-eabi/4.8.4/../../../../arm-none-eabi/lib/armv6-m\libg_s.a(lib_a-impure.o)
                              c:/freescale/kds_v3/toolchain/bin/../lib/gcc/arm-none-eabi/4.8.4/../../../../arm-none-eabi/lib/armv6-m\libg_s.a(lib_a-exit.o) (_global_impure_ptr)
c:/freescale/kds_v3/toolchain/bin/../lib/gcc/arm-none-eabi/4.8.4/../../../../arm-none-eabi/lib/armv6-m\libg_s.a(lib_a-init.o)
                              c:/freescale/kds_v3/toolchain/bin/../lib/gcc/arm-none-eabi/4.8.4/../../../../arm-none-eabi/lib/armv6-m/crt0.o (__libc_init_array)
c:/freescale/kds_v3/toolchain/bin/../lib/gcc/arm-none-eabi/4.8.4/../../../../arm-none-eabi/lib/armv6-m\libg_s.a(lib_a-memset.o)
                              c:/freescale/kds_v3/toolchain/bin/../lib/gcc/arm-none-eabi/4.8.4/../../../../arm-none-eabi/lib/armv6-m/crt0.o (memset)
c:/freescale/kds_v3/toolchain/bin/../lib/gcc/arm-none-eabi/4.8.4/../../../../arm-none-eabi/lib/armv6-m\libnosys.a(_exit.o)
                              c:/freescale/kds_v3/toolchain/bin/../lib/gcc/arm-none-eabi/4.8.4/../../../../arm-none-eabi/lib/armv6-m\libg_s.a(lib_a-exit.o) (_exit)

Allocating common symbols
Common symbol       size              file

SR_reg              0x1               ./Generated_Code/Cpu.o

Discarded input sections

 .text          0x00000000        0x0 c:/freescale/kds_v3/toolchain/bin/../lib/gcc/arm-none-eabi/4.8.4/armv6-m/crti.o
 .data          0x00000000        0x0 c:/freescale/kds_v3/toolchain/bin/../lib/gcc/arm-none-eabi/4.8.4/armv6-m/crti.o
 .bss           0x00000000        0x0 c:/freescale/kds_v3/toolchain/bin/../lib/gcc/arm-none-eabi/4.8.4/armv6-m/crti.o
 .data          0x00000000        0x4 c:/freescale/kds_v3/toolchain/bin/../lib/gcc/arm-none-eabi/4.8.4/armv6-m/crtbegin.o
 .data          0x00000000        0x0 c:/freescale/kds_v3/toolchain/bin/../lib/gcc/arm-none-eabi/4.8.4/../../../../arm-none-eabi/lib/armv6-m/crt0.o
 .bss           0x00000000        0x0 c:/freescale/kds_v3/toolchain/bin/../lib/gcc/arm-none-eabi/4.8.4/../../../../arm-none-eabi/lib/armv6-m/crt0.o
 .ARM.extab     0x00000000        0x0 c:/freescale/kds_v3/toolchain/bin/../lib/gcc/arm-none-eabi/4.8.4/../../../../arm-none-eabi/lib/armv6-m/crt0.o
 .group         0x00000000        0x8 ./Sources/Events.o
 .group         0x00000000        0x8 ./Sources/Events.o
 .group         0x00000000        0x8 ./Sources/Events.o
 .group         0x00000000        0x8 ./Sources/Events.o
 .group         0x00000000        0x8 ./Sources/Events.o
 .group         0x00000000        0x8 ./Sources/Events.o
 .group         0x00000000        0x8 ./Sources/Events.o
 .group         0x00000000        0x8 ./Sources/Events.o
 .group         0x00000000        0x8 ./Sources/Events.o
 .group         0x00000000        0x8 ./Sources/Events.o
 .group         0x00000000        0x8 ./Sources/Events.o
 .group         0x00000000        0x8 ./Sources/Events.o
 .group         0x00000000        0x8 ./Sources/Events.o
 .group         0x00000000        0x8 ./Sources/Events.o
 .group         0x00000000        0x8 ./Sources/Events.o
 .group         0x00000000        0x8 ./Sources/Events.o
 .group         0x00000000        0x8 ./Sources/Events.o
 .group         0x00000000        0x8 ./Sources/Events.o
 .group         0x00000000        0x8 ./Sources/Events.o
 .group         0x00000000        0x8 ./Sources/Events.o
 .group         0x00000000        0x8 ./Sources/Events.o
 .group         0x00000000        0x8 ./Sources/Events.o
 .group         0x00000000        0x8 ./Sources/Events.o
 .group         0x00000000        0x8 ./Sources/Events.o
 .group         0x00000000        0x8 ./Sources/Events.o
 .group         0x00000000        0x8 ./Sources/Events.o
 .group         0x00000000        0x8 ./Sources/Events.o
 .text          0x00000000        0x0 ./Sources/Events.o
 .data          0x00000000        0x0 ./Sources/Events.o
 .bss           0x00000000        0x0 ./Sources/Events.o
 .group         0x00000000        0x8 ./Sources/main.o
 .group         0x00000000        0x8 ./Sources/main.o
 .group         0x00000000        0x8 ./Sources/main.o
 .group         0x00000000        0x8 ./Sources/main.o
 .group         0x00000000        0x8 ./Sources/main.o
 .group         0x00000000        0x8 ./Sources/main.o
 .group         0x00000000        0x8 ./Sources/main.o
 .group         0x00000000        0x8 ./Sources/main.o
 .group         0x00000000        0x8 ./Sources/main.o
 .group         0x00000000        0x8 ./Sources/main.o
 .group         0x00000000        0x8 ./Sources/main.o
 .group         0x00000000        0x8 ./Sources/main.o
 .group         0x00000000        0x8 ./Sources/main.o
 .group         0x00000000        0x8 ./Sources/main.o
 .group         0x00000000        0x8 ./Sources/main.o
 .group         0x00000000        0x8 ./Sources/main.o
 .group         0x00000000        0x8 ./Sources/main.o
 .group         0x00000000        0x8 ./Sources/main.o
 .group         0x00000000        0x8 ./Sources/main.o
 .group         0x00000000        0x8 ./Sources/main.o
 .group         0x00000000        0x8 ./Sources/main.o
 .group         0x00000000        0x8 ./Sources/main.o
 .group         0x00000000        0x8 ./Sources/main.o
 .group         0x00000000        0x8 ./Sources/main.o
 .group         0x00000000        0x8 ./Sources/main.o
 .group         0x00000000        0x8 ./Sources/main.o
 .group         0x00000000        0x8 ./Sources/main.o
 .text          0x00000000        0x0 ./Sources/main.o
 .data          0x00000000        0x0 ./Sources/main.o
 .bss           0x00000000        0x0 ./Sources/main.o
 .debug_macro   0x00000000      0x802 ./Sources/main.o
 .debug_macro   0x00000000       0x16 ./Sources/main.o
 .debug_macro   0x00000000       0x44 ./Sources/main.o
 .debug_macro   0x00000000      0x209 ./Sources/main.o
 .debug_macro   0x00000000     0x1592 ./Sources/main.o
 .debug_macro   0x00000000      0x14e ./Sources/main.o
 .debug_macro   0x00000000       0x64 ./Sources/main.o
 .debug_macro   0x00000000     0x6691 ./Sources/main.o
 .debug_macro   0x00000000       0x94 ./Sources/main.o
 .debug_macro   0x00000000       0x94 ./Sources/main.o
 .debug_macro   0x00000000      0x12c ./Sources/main.o
 .debug_macro   0x00000000       0x34 ./Sources/main.o
 .debug_macro   0x00000000       0x10 ./Sources/main.o
 .debug_macro   0x00000000       0x3a ./Sources/main.o
 .debug_macro   0x00000000       0x10 ./Sources/main.o
 .debug_macro   0x00000000       0x58 ./Sources/main.o
 .debug_macro   0x00000000       0x33 ./Sources/main.o
 .debug_macro   0x00000000       0x58 ./Sources/main.o
 .debug_macro   0x00000000       0x33 ./Sources/main.o
 .debug_macro   0x00000000       0x58 ./Sources/main.o
 .debug_macro   0x00000000       0x33 ./Sources/main.o
 .debug_macro   0x00000000       0x58 ./Sources/main.o
 .debug_macro   0x00000000       0x33 ./Sources/main.o
 .debug_macro   0x00000000       0x5e ./Sources/main.o
 .debug_macro   0x00000000       0x16 ./Sources/main.o
 .debug_macro   0x00000000       0x37 ./Sources/main.o
 .debug_macro   0x00000000       0x23 ./Sources/main.o
 .group         0x00000000        0x8 ./Project_Settings/Startup_Code/startup.o
 .group         0x00000000        0x8 ./Project_Settings/Startup_Code/startup.o
 .group         0x00000000        0x8 ./Project_Settings/Startup_Code/startup.o
 .group         0x00000000        0x8 ./Project_Settings/Startup_Code/startup.o
 .group         0x00000000        0x8 ./Project_Settings/Startup_Code/startup.o
 .group         0x00000000        0x8 ./Project_Settings/Startup_Code/startup.o
 .group         0x00000000        0x8 ./Project_Settings/Startup_Code/startup.o
 .group         0x00000000        0x8 ./Project_Settings/Startup_Code/startup.o
 .group         0x00000000        0x8 ./Project_Settings/Startup_Code/startup.o
 .group         0x00000000        0x8 ./Project_Settings/Startup_Code/startup.o
 .group         0x00000000        0x8 ./Project_Settings/Startup_Code/startup.o
 .group         0x00000000        0x8 ./Project_Settings/Startup_Code/startup.o
 .group         0x00000000        0x8 ./Project_Settings/Startup_Code/startup.o
 .group         0x00000000        0x8 ./Project_Settings/Startup_Code/startup.o
 .group         0x00000000        0x8 ./Project_Settings/Startup_Code/startup.o
 .group         0x00000000        0x8 ./Project_Settings/Startup_Code/startup.o
 .group         0x00000000        0x8 ./Project_Settings/Startup_Code/startup.o
 .group         0x00000000        0x8 ./Project_Settings/Startup_Code/startup.o
 .group         0x00000000        0x8 ./Project_Settings/Startup_Code/startup.o
 .text          0x00000000        0x0 ./Project_Settings/Startup_Code/startup.o
 .data          0x00000000        0x0 ./Project_Settings/Startup_Code/startup.o
 .bss           0x00000000        0x0 ./Project_Settings/Startup_Code/startup.o
 .text.__init_hardware
                0x00000000        0x8 ./Project_Settings/Startup_Code/startup.o
 .text.__iar_program_start
                0x00000000        0xc ./Project_Settings/Startup_Code/startup.o
 .debug_macro   0x00000000      0x802 ./Project_Settings/Startup_Code/startup.o
 .debug_macro   0x00000000       0x16 ./Project_Settings/Startup_Code/startup.o
 .group         0x00000000        0x8 ./Generated_Code/BitIoLdd1.o
 .group         0x00000000        0x8 ./Generated_Code/BitIoLdd1.o
 .group         0x00000000        0x8 ./Generated_Code/BitIoLdd1.o
 .group         0x00000000        0x8 ./Generated_Code/BitIoLdd1.o
 .group         0x00000000        0x8 ./Generated_Code/BitIoLdd1.o
 .group         0x00000000        0x8 ./Generated_Code/BitIoLdd1.o
 .group         0x00000000        0x8 ./Generated_Code/BitIoLdd1.o
 .group         0x00000000        0x8 ./Generated_Code/BitIoLdd1.o
 .group         0x00000000        0x8 ./Generated_Code/BitIoLdd1.o
 .group         0x00000000        0x8 ./Generated_Code/BitIoLdd1.o
 .group         0x00000000        0x8 ./Generated_Code/BitIoLdd1.o
 .group         0x00000000        0x8 ./Generated_Code/BitIoLdd1.o
 .text          0x00000000        0x0 ./Generated_Code/BitIoLdd1.o
 .data          0x00000000        0x0 ./Generated_Code/BitIoLdd1.o
 .bss           0x00000000        0x0 ./Generated_Code/BitIoLdd1.o
 .debug_macro   0x00000000      0x802 ./Generated_Code/BitIoLdd1.o
 .debug_macro   0x00000000       0x16 ./Generated_Code/BitIoLdd1.o
 .debug_macro   0x00000000       0x44 ./Generated_Code/BitIoLdd1.o
 .debug_macro   0x00000000      0x209 ./Generated_Code/BitIoLdd1.o
 .debug_macro   0x00000000     0x1592 ./Generated_Code/BitIoLdd1.o
 .debug_macro   0x00000000      0x14e ./Generated_Code/BitIoLdd1.o
 .debug_macro   0x00000000       0x64 ./Generated_Code/BitIoLdd1.o
 .debug_macro   0x00000000     0x6691 ./Generated_Code/BitIoLdd1.o
 .debug_macro   0x00000000       0x94 ./Generated_Code/BitIoLdd1.o
 .debug_macro   0x00000000      0x12c ./Generated_Code/BitIoLdd1.o
 .debug_macro   0x00000000       0x34 ./Generated_Code/BitIoLdd1.o
 .group         0x00000000        0x8 ./Generated_Code/BitIoLdd10.o
 .group         0x00000000        0x8 ./Generated_Code/BitIoLdd10.o
 .group         0x00000000        0x8 ./Generated_Code/BitIoLdd10.o
 .group         0x00000000        0x8 ./Generated_Code/BitIoLdd10.o
 .group         0x00000000        0x8 ./Generated_Code/BitIoLdd10.o
 .group         0x00000000        0x8 ./Generated_Code/BitIoLdd10.o
 .group         0x00000000        0x8 ./Generated_Code/BitIoLdd10.o
 .group         0x00000000        0x8 ./Generated_Code/BitIoLdd10.o
 .group         0x00000000        0x8 ./Generated_Code/BitIoLdd10.o
 .group         0x00000000        0x8 ./Generated_Code/BitIoLdd10.o
 .group         0x00000000        0x8 ./Generated_Code/BitIoLdd10.o
 .group         0x00000000        0x8 ./Generated_Code/BitIoLdd10.o
 .text          0x00000000        0x0 ./Generated_Code/BitIoLdd10.o
 .data          0x00000000        0x0 ./Generated_Code/BitIoLdd10.o
 .bss           0x00000000        0x0 ./Generated_Code/BitIoLdd10.o
 .text.BitIoLdd10_SetDir
                0x00000000       0x40 ./Generated_Code/BitIoLdd10.o
 .text.BitIoLdd10_SetInput
                0x00000000       0x24 ./Generated_Code/BitIoLdd10.o
 .text.BitIoLdd10_GetVal
                0x00000000       0x44 ./Generated_Code/BitIoLdd10.o
 .text.BitIoLdd10_ClrVal
                0x00000000       0x1c ./Generated_Code/BitIoLdd10.o
 .text.BitIoLdd10_SetVal
                0x00000000       0x1c ./Generated_Code/BitIoLdd10.o
 .debug_macro   0x00000000      0x802 ./Generated_Code/BitIoLdd10.o
 .debug_macro   0x00000000       0x16 ./Generated_Code/BitIoLdd10.o
 .debug_macro   0x00000000       0x44 ./Generated_Code/BitIoLdd10.o
 .debug_macro   0x00000000      0x209 ./Generated_Code/BitIoLdd10.o
 .debug_macro   0x00000000     0x1592 ./Generated_Code/BitIoLdd10.o
 .debug_macro   0x00000000      0x14e ./Generated_Code/BitIoLdd10.o
 .debug_macro   0x00000000       0x64 ./Generated_Code/BitIoLdd10.o
 .debug_macro   0x00000000     0x6691 ./Generated_Code/BitIoLdd10.o
 .debug_macro   0x00000000       0x94 ./Generated_Code/BitIoLdd10.o
 .debug_macro   0x00000000      0x12c ./Generated_Code/BitIoLdd10.o
 .debug_macro   0x00000000       0x9a ./Generated_Code/BitIoLdd10.o
 .group         0x00000000        0x8 ./Generated_Code/BitIoLdd2.o
 .group         0x00000000        0x8 ./Generated_Code/BitIoLdd2.o
 .group         0x00000000        0x8 ./Generated_Code/BitIoLdd2.o
 .group         0x00000000        0x8 ./Generated_Code/BitIoLdd2.o
 .group         0x00000000        0x8 ./Generated_Code/BitIoLdd2.o
 .group         0x00000000        0x8 ./Generated_Code/BitIoLdd2.o
 .group         0x00000000        0x8 ./Generated_Code/BitIoLdd2.o
 .group         0x00000000        0x8 ./Generated_Code/BitIoLdd2.o
 .group         0x00000000        0x8 ./Generated_Code/BitIoLdd2.o
 .group         0x00000000        0x8 ./Generated_Code/BitIoLdd2.o
 .group         0x00000000        0x8 ./Generated_Code/BitIoLdd2.o
 .group         0x00000000        0x8 ./Generated_Code/BitIoLdd2.o
 .text          0x00000000        0x0 ./Generated_Code/BitIoLdd2.o
 .data          0x00000000        0x0 ./Generated_Code/BitIoLdd2.o
 .bss           0x00000000        0x0 ./Generated_Code/BitIoLdd2.o
 .debug_macro   0x00000000      0x802 ./Generated_Code/BitIoLdd2.o
 .debug_macro   0x00000000       0x16 ./Generated_Code/BitIoLdd2.o
 .debug_macro   0x00000000       0x44 ./Generated_Code/BitIoLdd2.o
 .debug_macro   0x00000000      0x209 ./Generated_Code/BitIoLdd2.o
 .debug_macro   0x00000000     0x1592 ./Generated_Code/BitIoLdd2.o
 .debug_macro   0x00000000      0x14e ./Generated_Code/BitIoLdd2.o
 .debug_macro   0x00000000       0x64 ./Generated_Code/BitIoLdd2.o
 .debug_macro   0x00000000     0x6691 ./Generated_Code/BitIoLdd2.o
 .debug_macro   0x00000000       0x94 ./Generated_Code/BitIoLdd2.o
 .debug_macro   0x00000000      0x12c ./Generated_Code/BitIoLdd2.o
 .debug_macro   0x00000000       0x9a ./Generated_Code/BitIoLdd2.o
 .group         0x00000000        0x8 ./Generated_Code/BitIoLdd7.o
 .group         0x00000000        0x8 ./Generated_Code/BitIoLdd7.o
 .group         0x00000000        0x8 ./Generated_Code/BitIoLdd7.o
 .group         0x00000000        0x8 ./Generated_Code/BitIoLdd7.o
 .group         0x00000000        0x8 ./Generated_Code/BitIoLdd7.o
 .group         0x00000000        0x8 ./Generated_Code/BitIoLdd7.o
 .group         0x00000000        0x8 ./Generated_Code/BitIoLdd7.o
 .group         0x00000000        0x8 ./Generated_Code/BitIoLdd7.o
 .group         0x00000000        0x8 ./Generated_Code/BitIoLdd7.o
 .group         0x00000000        0x8 ./Generated_Code/BitIoLdd7.o
 .group         0x00000000        0x8 ./Generated_Code/BitIoLdd7.o
 .group         0x00000000        0x8 ./Generated_Code/BitIoLdd7.o
 .text          0x00000000        0x0 ./Generated_Code/BitIoLdd7.o
 .data          0x00000000        0x0 ./Generated_Code/BitIoLdd7.o
 .bss           0x00000000        0x0 ./Generated_Code/BitIoLdd7.o
 .text.BitIoLdd7_SetDir
                0x00000000       0x3c ./Generated_Code/BitIoLdd7.o
 .text.BitIoLdd7_SetInput
                0x00000000       0x20 ./Generated_Code/BitIoLdd7.o
 .text.BitIoLdd7_GetVal
                0x00000000       0x3c ./Generated_Code/BitIoLdd7.o
 .text.BitIoLdd7_ClrVal
                0x00000000       0x18 ./Generated_Code/BitIoLdd7.o
 .text.BitIoLdd7_SetVal
                0x00000000       0x18 ./Generated_Code/BitIoLdd7.o
 .debug_macro   0x00000000      0x802 ./Generated_Code/BitIoLdd7.o
 .debug_macro   0x00000000       0x16 ./Generated_Code/BitIoLdd7.o
 .debug_macro   0x00000000       0x44 ./Generated_Code/BitIoLdd7.o
 .debug_macro   0x00000000      0x209 ./Generated_Code/BitIoLdd7.o
 .debug_macro   0x00000000     0x1592 ./Generated_Code/BitIoLdd7.o
 .debug_macro   0x00000000      0x14e ./Generated_Code/BitIoLdd7.o
 .debug_macro   0x00000000       0x64 ./Generated_Code/BitIoLdd7.o
 .debug_macro   0x00000000     0x6691 ./Generated_Code/BitIoLdd7.o
 .debug_macro   0x00000000       0x94 ./Generated_Code/BitIoLdd7.o
 .debug_macro   0x00000000      0x12c ./Generated_Code/BitIoLdd7.o
 .debug_macro   0x00000000       0x9a ./Generated_Code/BitIoLdd7.o
 .group         0x00000000        0x8 ./Generated_Code/BitIoLdd8.o
 .group         0x00000000        0x8 ./Generated_Code/BitIoLdd8.o
 .group         0x00000000        0x8 ./Generated_Code/BitIoLdd8.o
 .group         0x00000000        0x8 ./Generated_Code/BitIoLdd8.o
 .group         0x00000000        0x8 ./Generated_Code/BitIoLdd8.o
 .group         0x00000000        0x8 ./Generated_Code/BitIoLdd8.o
 .group         0x00000000        0x8 ./Generated_Code/BitIoLdd8.o
 .group         0x00000000        0x8 ./Generated_Code/BitIoLdd8.o
 .group         0x00000000        0x8 ./Generated_Code/BitIoLdd8.o
 .group         0x00000000        0x8 ./Generated_Code/BitIoLdd8.o
 .group         0x00000000        0x8 ./Generated_Code/BitIoLdd8.o
 .group         0x00000000        0x8 ./Generated_Code/BitIoLdd8.o
 .text          0x00000000        0x0 ./Generated_Code/BitIoLdd8.o
 .data          0x00000000        0x0 ./Generated_Code/BitIoLdd8.o
 .bss           0x00000000        0x0 ./Generated_Code/BitIoLdd8.o
 .text.BitIoLdd8_SetDir
                0x00000000       0x3c ./Generated_Code/BitIoLdd8.o
 .text.BitIoLdd8_SetInput
                0x00000000       0x20 ./Generated_Code/BitIoLdd8.o
 .text.BitIoLdd8_GetVal
                0x00000000       0x3c ./Generated_Code/BitIoLdd8.o
 .text.BitIoLdd8_ClrVal
                0x00000000       0x18 ./Generated_Code/BitIoLdd8.o
 .text.BitIoLdd8_SetVal
                0x00000000       0x18 ./Generated_Code/BitIoLdd8.o
 .debug_macro   0x00000000      0x802 ./Generated_Code/BitIoLdd8.o
 .debug_macro   0x00000000       0x16 ./Generated_Code/BitIoLdd8.o
 .debug_macro   0x00000000       0x44 ./Generated_Code/BitIoLdd8.o
 .debug_macro   0x00000000      0x209 ./Generated_Code/BitIoLdd8.o
 .debug_macro   0x00000000     0x1592 ./Generated_Code/BitIoLdd8.o
 .debug_macro   0x00000000      0x14e ./Generated_Code/BitIoLdd8.o
 .debug_macro   0x00000000       0x64 ./Generated_Code/BitIoLdd8.o
 .debug_macro   0x00000000     0x6691 ./Generated_Code/BitIoLdd8.o
 .debug_macro   0x00000000       0x94 ./Generated_Code/BitIoLdd8.o
 .debug_macro   0x00000000      0x12c ./Generated_Code/BitIoLdd8.o
 .debug_macro   0x00000000       0x9a ./Generated_Code/BitIoLdd8.o
 .group         0x00000000        0x8 ./Generated_Code/BitIoLdd9.o
 .group         0x00000000        0x8 ./Generated_Code/BitIoLdd9.o
 .group         0x00000000        0x8 ./Generated_Code/BitIoLdd9.o
 .group         0x00000000        0x8 ./Generated_Code/BitIoLdd9.o
 .group         0x00000000        0x8 ./Generated_Code/BitIoLdd9.o
 .group         0x00000000        0x8 ./Generated_Code/BitIoLdd9.o
 .group         0x00000000        0x8 ./Generated_Code/BitIoLdd9.o
 .group         0x00000000        0x8 ./Generated_Code/BitIoLdd9.o
 .group         0x00000000        0x8 ./Generated_Code/BitIoLdd9.o
 .group         0x00000000        0x8 ./Generated_Code/BitIoLdd9.o
 .group         0x00000000        0x8 ./Generated_Code/BitIoLdd9.o
 .group         0x00000000        0x8 ./Generated_Code/BitIoLdd9.o
 .text          0x00000000        0x0 ./Generated_Code/BitIoLdd9.o
 .data          0x00000000        0x0 ./Generated_Code/BitIoLdd9.o
 .bss           0x00000000        0x0 ./Generated_Code/BitIoLdd9.o
 .text.BitIoLdd9_SetDir
                0x00000000       0x40 ./Generated_Code/BitIoLdd9.o
 .text.BitIoLdd9_SetInput
                0x00000000       0x24 ./Generated_Code/BitIoLdd9.o
 .text.BitIoLdd9_GetVal
                0x00000000       0x44 ./Generated_Code/BitIoLdd9.o
 .text.BitIoLdd9_ClrVal
                0x00000000       0x1c ./Generated_Code/BitIoLdd9.o
 .text.BitIoLdd9_SetVal
                0x00000000       0x1c ./Generated_Code/BitIoLdd9.o
 .debug_macro   0x00000000      0x802 ./Generated_Code/BitIoLdd9.o
 .debug_macro   0x00000000       0x16 ./Generated_Code/BitIoLdd9.o
 .debug_macro   0x00000000       0x44 ./Generated_Code/BitIoLdd9.o
 .debug_macro   0x00000000      0x209 ./Generated_Code/BitIoLdd9.o
 .debug_macro   0x00000000     0x1592 ./Generated_Code/BitIoLdd9.o
 .debug_macro   0x00000000      0x14e ./Generated_Code/BitIoLdd9.o
 .debug_macro   0x00000000       0x64 ./Generated_Code/BitIoLdd9.o
 .debug_macro   0x00000000     0x6691 ./Generated_Code/BitIoLdd9.o
 .debug_macro   0x00000000       0x94 ./Generated_Code/BitIoLdd9.o
 .debug_macro   0x00000000      0x12c ./Generated_Code/BitIoLdd9.o
 .debug_macro   0x00000000       0x9a ./Generated_Code/BitIoLdd9.o
 .group         0x00000000        0x8 ./Generated_Code/Cpu.o
 .group         0x00000000        0x8 ./Generated_Code/Cpu.o
 .group         0x00000000        0x8 ./Generated_Code/Cpu.o
 .group         0x00000000        0x8 ./Generated_Code/Cpu.o
 .group         0x00000000        0x8 ./Generated_Code/Cpu.o
 .group         0x00000000        0x8 ./Generated_Code/Cpu.o
 .group         0x00000000        0x8 ./Generated_Code/Cpu.o
 .group         0x00000000        0x8 ./Generated_Code/Cpu.o
 .group         0x00000000        0x8 ./Generated_Code/Cpu.o
 .group         0x00000000        0x8 ./Generated_Code/Cpu.o
 .group         0x00000000        0x8 ./Generated_Code/Cpu.o
 .group         0x00000000        0x8 ./Generated_Code/Cpu.o
 .group         0x00000000        0x8 ./Generated_Code/Cpu.o
 .group         0x00000000        0x8 ./Generated_Code/Cpu.o
 .group         0x00000000        0x8 ./Generated_Code/Cpu.o
 .group         0x00000000        0x8 ./Generated_Code/Cpu.o
 .group         0x00000000        0x8 ./Generated_Code/Cpu.o
 .group         0x00000000        0x8 ./Generated_Code/Cpu.o
 .group         0x00000000        0x8 ./Generated_Code/Cpu.o
 .group         0x00000000        0x8 ./Generated_Code/Cpu.o
 .group         0x00000000        0x8 ./Generated_Code/Cpu.o
 .group         0x00000000        0x8 ./Generated_Code/Cpu.o
 .group         0x00000000        0x8 ./Generated_Code/Cpu.o
 .group         0x00000000        0x8 ./Generated_Code/Cpu.o
 .group         0x00000000        0x8 ./Generated_Code/Cpu.o
 .group         0x00000000        0x8 ./Generated_Code/Cpu.o
 .group         0x00000000        0x8 ./Generated_Code/Cpu.o
 .text          0x00000000        0x0 ./Generated_Code/Cpu.o
 .data          0x00000000        0x0 ./Generated_Code/Cpu.o
 .bss           0x00000000        0x0 ./Generated_Code/Cpu.o
 .bss.SR_lock   0x00000000        0x1 ./Generated_Code/Cpu.o
 .debug_macro   0x00000000      0x802 ./Generated_Code/Cpu.o
 .debug_macro   0x00000000       0x16 ./Generated_Code/Cpu.o
 .debug_macro   0x00000000       0x44 ./Generated_Code/Cpu.o
 .debug_macro   0x00000000      0x209 ./Generated_Code/Cpu.o
 .debug_macro   0x00000000     0x1592 ./Generated_Code/Cpu.o
 .debug_macro   0x00000000      0x14e ./Generated_Code/Cpu.o
 .debug_macro   0x00000000       0x64 ./Generated_Code/Cpu.o
 .debug_macro   0x00000000     0x6691 ./Generated_Code/Cpu.o
 .debug_macro   0x00000000       0x94 ./Generated_Code/Cpu.o
 .debug_macro   0x00000000      0x12c ./Generated_Code/Cpu.o
 .debug_macro   0x00000000       0x9a ./Generated_Code/Cpu.o
 .debug_macro   0x00000000       0x34 ./Generated_Code/Cpu.o
 .debug_macro   0x00000000       0x10 ./Generated_Code/Cpu.o
 .debug_macro   0x00000000       0x3a ./Generated_Code/Cpu.o
 .debug_macro   0x00000000       0x10 ./Generated_Code/Cpu.o
 .debug_macro   0x00000000       0x58 ./Generated_Code/Cpu.o
 .debug_macro   0x00000000       0x33 ./Generated_Code/Cpu.o
 .debug_macro   0x00000000       0x58 ./Generated_Code/Cpu.o
 .debug_macro   0x00000000       0x33 ./Generated_Code/Cpu.o
 .debug_macro   0x00000000       0x58 ./Generated_Code/Cpu.o
 .debug_macro   0x00000000       0x33 ./Generated_Code/Cpu.o
 .debug_macro   0x00000000       0x58 ./Generated_Code/Cpu.o
 .debug_macro   0x00000000       0x33 ./Generated_Code/Cpu.o
 .debug_macro   0x00000000       0x5e ./Generated_Code/Cpu.o
 .debug_macro   0x00000000       0x16 ./Generated_Code/Cpu.o
 .debug_macro   0x00000000       0x37 ./Generated_Code/Cpu.o
 .debug_macro   0x00000000       0x23 ./Generated_Code/Cpu.o
 COMMON         0x00000000        0x1 ./Generated_Code/Cpu.o
 .group         0x00000000        0x8 ./Generated_Code/DB41.o
 .group         0x00000000        0x8 ./Generated_Code/DB41.o
 .group         0x00000000        0x8 ./Generated_Code/DB41.o
 .group         0x00000000        0x8 ./Generated_Code/DB41.o
 .group         0x00000000        0x8 ./Generated_Code/DB41.o
 .group         0x00000000        0x8 ./Generated_Code/DB41.o
 .group         0x00000000        0x8 ./Generated_Code/DB41.o
 .group         0x00000000        0x8 ./Generated_Code/DB41.o
 .group         0x00000000        0x8 ./Generated_Code/DB41.o
 .group         0x00000000        0x8 ./Generated_Code/DB41.o
 .group         0x00000000        0x8 ./Generated_Code/DB41.o
 .group         0x00000000        0x8 ./Generated_Code/DB41.o
 .group         0x00000000        0x8 ./Generated_Code/DB41.o
 .text          0x00000000        0x0 ./Generated_Code/DB41.o
 .data          0x00000000        0x0 ./Generated_Code/DB41.o
 .bss           0x00000000        0x0 ./Generated_Code/DB41.o
 .debug_info    0x00000000       0x7d ./Generated_Code/DB41.o
 .debug_abbrev  0x00000000       0x29 ./Generated_Code/DB41.o
 .debug_aranges
                0x00000000       0x18 ./Generated_Code/DB41.o
 .debug_macro   0x00000000       0xb5 ./Generated_Code/DB41.o
 .debug_macro   0x00000000      0x802 ./Generated_Code/DB41.o
 .debug_macro   0x00000000       0x16 ./Generated_Code/DB41.o
 .debug_macro   0x00000000       0x44 ./Generated_Code/DB41.o
 .debug_macro   0x00000000      0x209 ./Generated_Code/DB41.o
 .debug_macro   0x00000000     0x1592 ./Generated_Code/DB41.o
 .debug_macro   0x00000000      0x14e ./Generated_Code/DB41.o
 .debug_macro   0x00000000       0x64 ./Generated_Code/DB41.o
 .debug_macro   0x00000000     0x6691 ./Generated_Code/DB41.o
 .debug_macro   0x00000000       0x94 ./Generated_Code/DB41.o
 .debug_macro   0x00000000      0x12c ./Generated_Code/DB41.o
 .debug_macro   0x00000000       0x9a ./Generated_Code/DB41.o
 .debug_macro   0x00000000       0x52 ./Generated_Code/DB41.o
 .debug_macro   0x00000000       0x33 ./Generated_Code/DB41.o
 .debug_line    0x00000000      0x26c ./Generated_Code/DB41.o
 .debug_str     0x00000000    0x2cc13 ./Generated_Code/DB41.o
 .comment       0x00000000       0x71 ./Generated_Code/DB41.o
 .ARM.attributes
                0x00000000       0x32 ./Generated_Code/DB41.o
 .group         0x00000000        0x8 ./Generated_Code/DB51.o
 .group         0x00000000        0x8 ./Generated_Code/DB51.o
 .group         0x00000000        0x8 ./Generated_Code/DB51.o
 .group         0x00000000        0x8 ./Generated_Code/DB51.o
 .group         0x00000000        0x8 ./Generated_Code/DB51.o
 .group         0x00000000        0x8 ./Generated_Code/DB51.o
 .group         0x00000000        0x8 ./Generated_Code/DB51.o
 .group         0x00000000        0x8 ./Generated_Code/DB51.o
 .group         0x00000000        0x8 ./Generated_Code/DB51.o
 .group         0x00000000        0x8 ./Generated_Code/DB51.o
 .group         0x00000000        0x8 ./Generated_Code/DB51.o
 .group         0x00000000        0x8 ./Generated_Code/DB51.o
 .group         0x00000000        0x8 ./Generated_Code/DB51.o
 .text          0x00000000        0x0 ./Generated_Code/DB51.o
 .data          0x00000000        0x0 ./Generated_Code/DB51.o
 .bss           0x00000000        0x0 ./Generated_Code/DB51.o
 .debug_info    0x00000000       0x7d ./Generated_Code/DB51.o
 .debug_abbrev  0x00000000       0x29 ./Generated_Code/DB51.o
 .debug_aranges
                0x00000000       0x18 ./Generated_Code/DB51.o
 .debug_macro   0x00000000       0xb5 ./Generated_Code/DB51.o
 .debug_macro   0x00000000      0x802 ./Generated_Code/DB51.o
 .debug_macro   0x00000000       0x16 ./Generated_Code/DB51.o
 .debug_macro   0x00000000       0x44 ./Generated_Code/DB51.o
 .debug_macro   0x00000000      0x209 ./Generated_Code/DB51.o
 .debug_macro   0x00000000     0x1592 ./Generated_Code/DB51.o
 .debug_macro   0x00000000      0x14e ./Generated_Code/DB51.o
 .debug_macro   0x00000000       0x64 ./Generated_Code/DB51.o
 .debug_macro   0x00000000     0x6691 ./Generated_Code/DB51.o
 .debug_macro   0x00000000       0x94 ./Generated_Code/DB51.o
 .debug_macro   0x00000000      0x12c ./Generated_Code/DB51.o
 .debug_macro   0x00000000       0x9a ./Generated_Code/DB51.o
 .debug_macro   0x00000000       0x52 ./Generated_Code/DB51.o
 .debug_macro   0x00000000       0x33 ./Generated_Code/DB51.o
 .debug_line    0x00000000      0x26c ./Generated_Code/DB51.o
 .debug_str     0x00000000    0x2cc13 ./Generated_Code/DB51.o
 .comment       0x00000000       0x71 ./Generated_Code/DB51.o
 .ARM.attributes
                0x00000000       0x32 ./Generated_Code/DB51.o
 .group         0x00000000        0x8 ./Generated_Code/DB61.o
 .group         0x00000000        0x8 ./Generated_Code/DB61.o
 .group         0x00000000        0x8 ./Generated_Code/DB61.o
 .group         0x00000000        0x8 ./Generated_Code/DB61.o
 .group         0x00000000        0x8 ./Generated_Code/DB61.o
 .group         0x00000000        0x8 ./Generated_Code/DB61.o
 .group         0x00000000        0x8 ./Generated_Code/DB61.o
 .group         0x00000000        0x8 ./Generated_Code/DB61.o
 .group         0x00000000        0x8 ./Generated_Code/DB61.o
 .group         0x00000000        0x8 ./Generated_Code/DB61.o
 .group         0x00000000        0x8 ./Generated_Code/DB61.o
 .group         0x00000000        0x8 ./Generated_Code/DB61.o
 .group         0x00000000        0x8 ./Generated_Code/DB61.o
 .text          0x00000000        0x0 ./Generated_Code/DB61.o
 .data          0x00000000        0x0 ./Generated_Code/DB61.o
 .bss           0x00000000        0x0 ./Generated_Code/DB61.o
 .debug_info    0x00000000       0x7d ./Generated_Code/DB61.o
 .debug_abbrev  0x00000000       0x29 ./Generated_Code/DB61.o
 .debug_aranges
                0x00000000       0x18 ./Generated_Code/DB61.o
 .debug_macro   0x00000000       0xb5 ./Generated_Code/DB61.o
 .debug_macro   0x00000000      0x802 ./Generated_Code/DB61.o
 .debug_macro   0x00000000       0x16 ./Generated_Code/DB61.o
 .debug_macro   0x00000000       0x44 ./Generated_Code/DB61.o
 .debug_macro   0x00000000      0x209 ./Generated_Code/DB61.o
 .debug_macro   0x00000000     0x1592 ./Generated_Code/DB61.o
 .debug_macro   0x00000000      0x14e ./Generated_Code/DB61.o
 .debug_macro   0x00000000       0x64 ./Generated_Code/DB61.o
 .debug_macro   0x00000000     0x6691 ./Generated_Code/DB61.o
 .debug_macro   0x00000000       0x94 ./Generated_Code/DB61.o
 .debug_macro   0x00000000      0x12c ./Generated_Code/DB61.o
 .debug_macro   0x00000000       0x9a ./Generated_Code/DB61.o
 .debug_macro   0x00000000       0x52 ./Generated_Code/DB61.o
 .debug_macro   0x00000000       0x33 ./Generated_Code/DB61.o
 .debug_line    0x00000000      0x26c ./Generated_Code/DB61.o
 .debug_str     0x00000000    0x2cc15 ./Generated_Code/DB61.o
 .comment       0x00000000       0x71 ./Generated_Code/DB61.o
 .ARM.attributes
                0x00000000       0x32 ./Generated_Code/DB61.o
 .group         0x00000000        0x8 ./Generated_Code/DB71.o
 .group         0x00000000        0x8 ./Generated_Code/DB71.o
 .group         0x00000000        0x8 ./Generated_Code/DB71.o
 .group         0x00000000        0x8 ./Generated_Code/DB71.o
 .group         0x00000000        0x8 ./Generated_Code/DB71.o
 .group         0x00000000        0x8 ./Generated_Code/DB71.o
 .group         0x00000000        0x8 ./Generated_Code/DB71.o
 .group         0x00000000        0x8 ./Generated_Code/DB71.o
 .group         0x00000000        0x8 ./Generated_Code/DB71.o
 .group         0x00000000        0x8 ./Generated_Code/DB71.o
 .group         0x00000000        0x8 ./Generated_Code/DB71.o
 .group         0x00000000        0x8 ./Generated_Code/DB71.o
 .group         0x00000000        0x8 ./Generated_Code/DB71.o
 .text          0x00000000        0x0 ./Generated_Code/DB71.o
 .data          0x00000000        0x0 ./Generated_Code/DB71.o
 .bss           0x00000000        0x0 ./Generated_Code/DB71.o
 .debug_info    0x00000000       0x7d ./Generated_Code/DB71.o
 .debug_abbrev  0x00000000       0x29 ./Generated_Code/DB71.o
 .debug_aranges
                0x00000000       0x18 ./Generated_Code/DB71.o
 .debug_macro   0x00000000       0xb5 ./Generated_Code/DB71.o
 .debug_macro   0x00000000      0x802 ./Generated_Code/DB71.o
 .debug_macro   0x00000000       0x16 ./Generated_Code/DB71.o
 .debug_macro   0x00000000       0x44 ./Generated_Code/DB71.o
 .debug_macro   0x00000000      0x209 ./Generated_Code/DB71.o
 .debug_macro   0x00000000     0x1592 ./Generated_Code/DB71.o
 .debug_macro   0x00000000      0x14e ./Generated_Code/DB71.o
 .debug_macro   0x00000000       0x64 ./Generated_Code/DB71.o
 .debug_macro   0x00000000     0x6691 ./Generated_Code/DB71.o
 .debug_macro   0x00000000       0x94 ./Generated_Code/DB71.o
 .debug_macro   0x00000000      0x12c ./Generated_Code/DB71.o
 .debug_macro   0x00000000       0x9a ./Generated_Code/DB71.o
 .debug_macro   0x00000000       0x52 ./Generated_Code/DB71.o
 .debug_macro   0x00000000       0x33 ./Generated_Code/DB71.o
 .debug_line    0x00000000      0x26d ./Generated_Code/DB71.o
 .debug_str     0x00000000    0x2cc32 ./Generated_Code/DB71.o
 .comment       0x00000000       0x71 ./Generated_Code/DB71.o
 .ARM.attributes
                0x00000000       0x32 ./Generated_Code/DB71.o
 .group         0x00000000        0x8 ./Generated_Code/EN1.o
 .group         0x00000000        0x8 ./Generated_Code/EN1.o
 .group         0x00000000        0x8 ./Generated_Code/EN1.o
 .group         0x00000000        0x8 ./Generated_Code/EN1.o
 .group         0x00000000        0x8 ./Generated_Code/EN1.o
 .group         0x00000000        0x8 ./Generated_Code/EN1.o
 .group         0x00000000        0x8 ./Generated_Code/EN1.o
 .group         0x00000000        0x8 ./Generated_Code/EN1.o
 .group         0x00000000        0x8 ./Generated_Code/EN1.o
 .group         0x00000000        0x8 ./Generated_Code/EN1.o
 .group         0x00000000        0x8 ./Generated_Code/EN1.o
 .group         0x00000000        0x8 ./Generated_Code/EN1.o
 .group         0x00000000        0x8 ./Generated_Code/EN1.o
 .text          0x00000000        0x0 ./Generated_Code/EN1.o
 .data          0x00000000        0x0 ./Generated_Code/EN1.o
 .bss           0x00000000        0x0 ./Generated_Code/EN1.o
 .debug_info    0x00000000       0x7d ./Generated_Code/EN1.o
 .debug_abbrev  0x00000000       0x29 ./Generated_Code/EN1.o
 .debug_aranges
                0x00000000       0x18 ./Generated_Code/EN1.o
 .debug_macro   0x00000000       0xb5 ./Generated_Code/EN1.o
 .debug_macro   0x00000000      0x802 ./Generated_Code/EN1.o
 .debug_macro   0x00000000       0x16 ./Generated_Code/EN1.o
 .debug_macro   0x00000000       0x44 ./Generated_Code/EN1.o
 .debug_macro   0x00000000      0x209 ./Generated_Code/EN1.o
 .debug_macro   0x00000000     0x1592 ./Generated_Code/EN1.o
 .debug_macro   0x00000000      0x14e ./Generated_Code/EN1.o
 .debug_macro   0x00000000       0x64 ./Generated_Code/EN1.o
 .debug_macro   0x00000000     0x6691 ./Generated_Code/EN1.o
 .debug_macro   0x00000000       0x94 ./Generated_Code/EN1.o
 .debug_macro   0x00000000      0x12c ./Generated_Code/EN1.o
 .debug_macro   0x00000000       0x9a ./Generated_Code/EN1.o
 .debug_macro   0x00000000       0x34 ./Generated_Code/EN1.o
 .debug_macro   0x00000000       0x10 ./Generated_Code/EN1.o
 .debug_line    0x00000000      0x26a ./Generated_Code/EN1.o
 .debug_str     0x00000000    0x2ca34 ./Generated_Code/EN1.o
 .comment       0x00000000       0x71 ./Generated_Code/EN1.o
 .ARM.attributes
                0x00000000       0x32 ./Generated_Code/EN1.o
 .group         0x00000000        0x8 ./Generated_Code/LCDout.o
 .group         0x00000000        0x8 ./Generated_Code/LCDout.o
 .group         0x00000000        0x8 ./Generated_Code/LCDout.o
 .group         0x00000000        0x8 ./Generated_Code/LCDout.o
 .group         0x00000000        0x8 ./Generated_Code/LCDout.o
 .group         0x00000000        0x8 ./Generated_Code/LCDout.o
 .group         0x00000000        0x8 ./Generated_Code/LCDout.o
 .group         0x00000000        0x8 ./Generated_Code/LCDout.o
 .group         0x00000000        0x8 ./Generated_Code/LCDout.o
 .group         0x00000000        0x8 ./Generated_Code/LCDout.o
 .group         0x00000000        0x8 ./Generated_Code/LCDout.o
 .group         0x00000000        0x8 ./Generated_Code/LCDout.o
 .group         0x00000000        0x8 ./Generated_Code/LCDout.o
 .group         0x00000000        0x8 ./Generated_Code/LCDout.o
 .group         0x00000000        0x8 ./Generated_Code/LCDout.o
 .group         0x00000000        0x8 ./Generated_Code/LCDout.o
 .group         0x00000000        0x8 ./Generated_Code/LCDout.o
 .group         0x00000000        0x8 ./Generated_Code/LCDout.o
 .group         0x00000000        0x8 ./Generated_Code/LCDout.o
 .group         0x00000000        0x8 ./Generated_Code/LCDout.o
 .group         0x00000000        0x8 ./Generated_Code/LCDout.o
 .group         0x00000000        0x8 ./Generated_Code/LCDout.o
 .group         0x00000000        0x8 ./Generated_Code/LCDout.o
 .group         0x00000000        0x8 ./Generated_Code/LCDout.o
 .group         0x00000000        0x8 ./Generated_Code/LCDout.o
 .group         0x00000000        0x8 ./Generated_Code/LCDout.o
 .group         0x00000000        0x8 ./Generated_Code/LCDout.o
 .text          0x00000000        0x0 ./Generated_Code/LCDout.o
 .data          0x00000000        0x0 ./Generated_Code/LCDout.o
 .bss           0x00000000        0x0 ./Generated_Code/LCDout.o
 .rodata.LCDout_SoftCharUE
                0x00000000        0x8 ./Generated_Code/LCDout.o
 .rodata.LCDout_SoftCharAE
                0x00000000        0x8 ./Generated_Code/LCDout.o
 .rodata.LCDout_SoftCharOE
                0x00000000        0x8 ./Generated_Code/LCDout.o
 .text.DataGet  0x00000000       0x6c ./Generated_Code/LCDout.o
 .text.LCDout_Home
                0x00000000       0x10 ./Generated_Code/LCDout.o
 .text.LCDout_ShiftLeft
                0x00000000       0x10 ./Generated_Code/LCDout.o
 .text.LCDout_WriteLn
                0x00000000       0x10 ./Generated_Code/LCDout.o
 .text.LCDout_WriteLineStr
                0x00000000       0x7c ./Generated_Code/LCDout.o
 .text.LCDout_Line
                0x00000000       0x28 ./Generated_Code/LCDout.o
 .text.LCDout_ShiftRight
                0x00000000       0x10 ./Generated_Code/LCDout.o
 .text.LCDout_SetEntryMode
                0x00000000       0x64 ./Generated_Code/LCDout.o
 .text.LCDout_UseDisplay
                0x00000000       0x18 ./Generated_Code/LCDout.o
 .text.LCDout_CursorShiftRight
                0x00000000       0x10 ./Generated_Code/LCDout.o
 .text.LCDout_CursorShiftLeft
                0x00000000       0x10 ./Generated_Code/LCDout.o
 .debug_macro   0x00000000      0x802 ./Generated_Code/LCDout.o
 .debug_macro   0x00000000       0x16 ./Generated_Code/LCDout.o
 .debug_macro   0x00000000       0x44 ./Generated_Code/LCDout.o
 .debug_macro   0x00000000      0x209 ./Generated_Code/LCDout.o
 .debug_macro   0x00000000     0x1592 ./Generated_Code/LCDout.o
 .debug_macro   0x00000000      0x14e ./Generated_Code/LCDout.o
 .debug_macro   0x00000000       0x64 ./Generated_Code/LCDout.o
 .debug_macro   0x00000000     0x6691 ./Generated_Code/LCDout.o
 .debug_macro   0x00000000       0x94 ./Generated_Code/LCDout.o
 .debug_macro   0x00000000      0x12c ./Generated_Code/LCDout.o
 .debug_macro   0x00000000       0x9a ./Generated_Code/LCDout.o
 .debug_macro   0x00000000       0x34 ./Generated_Code/LCDout.o
 .debug_macro   0x00000000       0x10 ./Generated_Code/LCDout.o
 .debug_macro   0x00000000       0x3a ./Generated_Code/LCDout.o
 .debug_macro   0x00000000       0x10 ./Generated_Code/LCDout.o
 .debug_macro   0x00000000       0x58 ./Generated_Code/LCDout.o
 .debug_macro   0x00000000       0x33 ./Generated_Code/LCDout.o
 .debug_macro   0x00000000       0x58 ./Generated_Code/LCDout.o
 .debug_macro   0x00000000       0x33 ./Generated_Code/LCDout.o
 .debug_macro   0x00000000       0x58 ./Generated_Code/LCDout.o
 .debug_macro   0x00000000       0x33 ./Generated_Code/LCDout.o
 .debug_macro   0x00000000       0x58 ./Generated_Code/LCDout.o
 .debug_macro   0x00000000       0x33 ./Generated_Code/LCDout.o
 .debug_macro   0x00000000       0x5e ./Generated_Code/LCDout.o
 .debug_macro   0x00000000       0x16 ./Generated_Code/LCDout.o
 .debug_macro   0x00000000       0x37 ./Generated_Code/LCDout.o
 .debug_macro   0x00000000       0x23 ./Generated_Code/LCDout.o
 .group         0x00000000        0x8 ./Generated_Code/MCUC1.o
 .group         0x00000000        0x8 ./Generated_Code/MCUC1.o
 .group         0x00000000        0x8 ./Generated_Code/MCUC1.o
 .group         0x00000000        0x8 ./Generated_Code/MCUC1.o
 .group         0x00000000        0x8 ./Generated_Code/MCUC1.o
 .group         0x00000000        0x8 ./Generated_Code/MCUC1.o
 .group         0x00000000        0x8 ./Generated_Code/MCUC1.o
 .group         0x00000000        0x8 ./Generated_Code/MCUC1.o
 .group         0x00000000        0x8 ./Generated_Code/MCUC1.o
 .group         0x00000000        0x8 ./Generated_Code/MCUC1.o
 .text          0x00000000        0x0 ./Generated_Code/MCUC1.o
 .data          0x00000000        0x0 ./Generated_Code/MCUC1.o
 .bss           0x00000000        0x0 ./Generated_Code/MCUC1.o
 .debug_info    0x00000000       0x7d ./Generated_Code/MCUC1.o
 .debug_abbrev  0x00000000       0x29 ./Generated_Code/MCUC1.o
 .debug_aranges
                0x00000000       0x18 ./Generated_Code/MCUC1.o
 .debug_macro   0x00000000       0x92 ./Generated_Code/MCUC1.o
 .debug_macro   0x00000000      0x802 ./Generated_Code/MCUC1.o
 .debug_macro   0x00000000       0x5e ./Generated_Code/MCUC1.o
 .debug_macro   0x00000000       0x16 ./Generated_Code/MCUC1.o
 .debug_macro   0x00000000       0x44 ./Generated_Code/MCUC1.o
 .debug_macro   0x00000000      0x209 ./Generated_Code/MCUC1.o
 .debug_macro   0x00000000     0x1592 ./Generated_Code/MCUC1.o
 .debug_macro   0x00000000      0x14e ./Generated_Code/MCUC1.o
 .debug_macro   0x00000000       0x64 ./Generated_Code/MCUC1.o
 .debug_macro   0x00000000     0x6691 ./Generated_Code/MCUC1.o
 .debug_macro   0x00000000       0x9a ./Generated_Code/MCUC1.o
 .debug_line    0x00000000      0x20e ./Generated_Code/MCUC1.o
 .debug_str     0x00000000    0x2bf29 ./Generated_Code/MCUC1.o
 .comment       0x00000000       0x71 ./Generated_Code/MCUC1.o
 .ARM.attributes
                0x00000000       0x32 ./Generated_Code/MCUC1.o
 .group         0x00000000        0x8 ./Generated_Code/PE_LDD.o
 .group         0x00000000        0x8 ./Generated_Code/PE_LDD.o
 .group         0x00000000        0x8 ./Generated_Code/PE_LDD.o
 .group         0x00000000        0x8 ./Generated_Code/PE_LDD.o
 .group         0x00000000        0x8 ./Generated_Code/PE_LDD.o
 .group         0x00000000        0x8 ./Generated_Code/PE_LDD.o
 .group         0x00000000        0x8 ./Generated_Code/PE_LDD.o
 .group         0x00000000        0x8 ./Generated_Code/PE_LDD.o
 .group         0x00000000        0x8 ./Generated_Code/PE_LDD.o
 .group         0x00000000        0x8 ./Generated_Code/PE_LDD.o
 .group         0x00000000        0x8 ./Generated_Code/PE_LDD.o
 .group         0x00000000        0x8 ./Generated_Code/PE_LDD.o
 .group         0x00000000        0x8 ./Generated_Code/PE_LDD.o
 .group         0x00000000        0x8 ./Generated_Code/PE_LDD.o
 .group         0x00000000        0x8 ./Generated_Code/PE_LDD.o
 .group         0x00000000        0x8 ./Generated_Code/PE_LDD.o
 .group         0x00000000        0x8 ./Generated_Code/PE_LDD.o
 .group         0x00000000        0x8 ./Generated_Code/PE_LDD.o
 .group         0x00000000        0x8 ./Generated_Code/PE_LDD.o
 .group         0x00000000        0x8 ./Generated_Code/PE_LDD.o
 .group         0x00000000        0x8 ./Generated_Code/PE_LDD.o
 .group         0x00000000        0x8 ./Generated_Code/PE_LDD.o
 .group         0x00000000        0x8 ./Generated_Code/PE_LDD.o
 .group         0x00000000        0x8 ./Generated_Code/PE_LDD.o
 .group         0x00000000        0x8 ./Generated_Code/PE_LDD.o
 .group         0x00000000        0x8 ./Generated_Code/PE_LDD.o
 .group         0x00000000        0x8 ./Generated_Code/PE_LDD.o
 .text          0x00000000        0x0 ./Generated_Code/PE_LDD.o
 .data          0x00000000        0x0 ./Generated_Code/PE_LDD.o
 .bss           0x00000000        0x0 ./Generated_Code/PE_LDD.o
 .rodata.PE_CpuClockConfigurations
                0x00000000       0x28 ./Generated_Code/PE_LDD.o
 .text.PE_FillMemory
                0x00000000       0x24 ./Generated_Code/PE_LDD.o
 .text.PE_PeripheralUsed
                0x00000000       0x4c ./Generated_Code/PE_LDD.o
 .text.LDD_SetClockConfiguration
                0x00000000       0x14 ./Generated_Code/PE_LDD.o
 .debug_macro   0x00000000      0x802 ./Generated_Code/PE_LDD.o
 .debug_macro   0x00000000       0x16 ./Generated_Code/PE_LDD.o
 .debug_macro   0x00000000       0x44 ./Generated_Code/PE_LDD.o
 .debug_macro   0x00000000      0x209 ./Generated_Code/PE_LDD.o
 .debug_macro   0x00000000     0x1592 ./Generated_Code/PE_LDD.o
 .debug_macro   0x00000000      0x14e ./Generated_Code/PE_LDD.o
 .debug_macro   0x00000000       0x64 ./Generated_Code/PE_LDD.o
 .debug_macro   0x00000000     0x6691 ./Generated_Code/PE_LDD.o
 .debug_macro   0x00000000       0x94 ./Generated_Code/PE_LDD.o
 .debug_macro   0x00000000      0x12c ./Generated_Code/PE_LDD.o
 .debug_macro   0x00000000       0x9a ./Generated_Code/PE_LDD.o
 .debug_macro   0x00000000       0x34 ./Generated_Code/PE_LDD.o
 .debug_macro   0x00000000       0x10 ./Generated_Code/PE_LDD.o
 .debug_macro   0x00000000       0x3a ./Generated_Code/PE_LDD.o
 .debug_macro   0x00000000       0x10 ./Generated_Code/PE_LDD.o
 .debug_macro   0x00000000       0x58 ./Generated_Code/PE_LDD.o
 .debug_macro   0x00000000       0x33 ./Generated_Code/PE_LDD.o
 .debug_macro   0x00000000       0x58 ./Generated_Code/PE_LDD.o
 .debug_macro   0x00000000       0x33 ./Generated_Code/PE_LDD.o
 .debug_macro   0x00000000       0x58 ./Generated_Code/PE_LDD.o
 .debug_macro   0x00000000       0x33 ./Generated_Code/PE_LDD.o
 .debug_macro   0x00000000       0x58 ./Generated_Code/PE_LDD.o
 .debug_macro   0x00000000       0x33 ./Generated_Code/PE_LDD.o
 .debug_macro   0x00000000       0x5e ./Generated_Code/PE_LDD.o
 .debug_macro   0x00000000       0x16 ./Generated_Code/PE_LDD.o
 .debug_macro   0x00000000       0x37 ./Generated_Code/PE_LDD.o
 .debug_macro   0x00000000       0x23 ./Generated_Code/PE_LDD.o
 .group         0x00000000        0x8 ./Generated_Code/RS1.o
 .group         0x00000000        0x8 ./Generated_Code/RS1.o
 .group         0x00000000        0x8 ./Generated_Code/RS1.o
 .group         0x00000000        0x8 ./Generated_Code/RS1.o
 .group         0x00000000        0x8 ./Generated_Code/RS1.o
 .group         0x00000000        0x8 ./Generated_Code/RS1.o
 .group         0x00000000        0x8 ./Generated_Code/RS1.o
 .group         0x00000000        0x8 ./Generated_Code/RS1.o
 .group         0x00000000        0x8 ./Generated_Code/RS1.o
 .group         0x00000000        0x8 ./Generated_Code/RS1.o
 .group         0x00000000        0x8 ./Generated_Code/RS1.o
 .group         0x00000000        0x8 ./Generated_Code/RS1.o
 .group         0x00000000        0x8 ./Generated_Code/RS1.o
 .text          0x00000000        0x0 ./Generated_Code/RS1.o
 .data          0x00000000        0x0 ./Generated_Code/RS1.o
 .bss           0x00000000        0x0 ./Generated_Code/RS1.o
 .debug_info    0x00000000       0x7d ./Generated_Code/RS1.o
 .debug_abbrev  0x00000000       0x29 ./Generated_Code/RS1.o
 .debug_aranges
                0x00000000       0x18 ./Generated_Code/RS1.o
 .debug_macro   0x00000000       0xb5 ./Generated_Code/RS1.o
 .debug_macro   0x00000000      0x802 ./Generated_Code/RS1.o
 .debug_macro   0x00000000       0x16 ./Generated_Code/RS1.o
 .debug_macro   0x00000000       0x44 ./Generated_Code/RS1.o
 .debug_macro   0x00000000      0x209 ./Generated_Code/RS1.o
 .debug_macro   0x00000000     0x1592 ./Generated_Code/RS1.o
 .debug_macro   0x00000000      0x14e ./Generated_Code/RS1.o
 .debug_macro   0x00000000       0x64 ./Generated_Code/RS1.o
 .debug_macro   0x00000000     0x6691 ./Generated_Code/RS1.o
 .debug_macro   0x00000000       0x94 ./Generated_Code/RS1.o
 .debug_macro   0x00000000      0x12c ./Generated_Code/RS1.o
 .debug_macro   0x00000000       0x9a ./Generated_Code/RS1.o
 .debug_macro   0x00000000       0x34 ./Generated_Code/RS1.o
 .debug_macro   0x00000000       0x10 ./Generated_Code/RS1.o
 .debug_line    0x00000000      0x26a ./Generated_Code/RS1.o
 .debug_str     0x00000000    0x2ca36 ./Generated_Code/RS1.o
 .comment       0x00000000       0x71 ./Generated_Code/RS1.o
 .ARM.attributes
                0x00000000       0x32 ./Generated_Code/RS1.o
 .group         0x00000000        0x8 ./Generated_Code/Vectors.o
 .group         0x00000000        0x8 ./Generated_Code/Vectors.o
 .group         0x00000000        0x8 ./Generated_Code/Vectors.o
 .group         0x00000000        0x8 ./Generated_Code/Vectors.o
 .group         0x00000000        0x8 ./Generated_Code/Vectors.o
 .group         0x00000000        0x8 ./Generated_Code/Vectors.o
 .group         0x00000000        0x8 ./Generated_Code/Vectors.o
 .group         0x00000000        0x8 ./Generated_Code/Vectors.o
 .group         0x00000000        0x8 ./Generated_Code/Vectors.o
 .group         0x00000000        0x8 ./Generated_Code/Vectors.o
 .group         0x00000000        0x8 ./Generated_Code/Vectors.o
 .group         0x00000000        0x8 ./Generated_Code/Vectors.o
 .group         0x00000000        0x8 ./Generated_Code/Vectors.o
 .group         0x00000000        0x8 ./Generated_Code/Vectors.o
 .group         0x00000000        0x8 ./Generated_Code/Vectors.o
 .group         0x00000000        0x8 ./Generated_Code/Vectors.o
 .group         0x00000000        0x8 ./Generated_Code/Vectors.o
 .group         0x00000000        0x8 ./Generated_Code/Vectors.o
 .group         0x00000000        0x8 ./Generated_Code/Vectors.o
 .group         0x00000000        0x8 ./Generated_Code/Vectors.o
 .group         0x00000000        0x8 ./Generated_Code/Vectors.o
 .group         0x00000000        0x8 ./Generated_Code/Vectors.o
 .group         0x00000000        0x8 ./Generated_Code/Vectors.o
 .group         0x00000000        0x8 ./Generated_Code/Vectors.o
 .group         0x00000000        0x8 ./Generated_Code/Vectors.o
 .group         0x00000000        0x8 ./Generated_Code/Vectors.o
 .group         0x00000000        0x8 ./Generated_Code/Vectors.o
 .text          0x00000000        0x0 ./Generated_Code/Vectors.o
 .data          0x00000000        0x0 ./Generated_Code/Vectors.o
 .bss           0x00000000        0x0 ./Generated_Code/Vectors.o
 .debug_macro   0x00000000      0x802 ./Generated_Code/Vectors.o
 .debug_macro   0x00000000       0x16 ./Generated_Code/Vectors.o
 .debug_macro   0x00000000       0x44 ./Generated_Code/Vectors.o
 .debug_macro   0x00000000      0x209 ./Generated_Code/Vectors.o
 .debug_macro   0x00000000     0x1592 ./Generated_Code/Vectors.o
 .debug_macro   0x00000000      0x14e ./Generated_Code/Vectors.o
 .debug_macro   0x00000000       0x64 ./Generated_Code/Vectors.o
 .debug_macro   0x00000000     0x6691 ./Generated_Code/Vectors.o
 .debug_macro   0x00000000       0x94 ./Generated_Code/Vectors.o
 .debug_macro   0x00000000       0x94 ./Generated_Code/Vectors.o
 .debug_macro   0x00000000      0x12c ./Generated_Code/Vectors.o
 .debug_macro   0x00000000       0x34 ./Generated_Code/Vectors.o
 .debug_macro   0x00000000       0x10 ./Generated_Code/Vectors.o
 .debug_macro   0x00000000       0x3a ./Generated_Code/Vectors.o
 .debug_macro   0x00000000       0x10 ./Generated_Code/Vectors.o
 .debug_macro   0x00000000       0x58 ./Generated_Code/Vectors.o
 .debug_macro   0x00000000       0x33 ./Generated_Code/Vectors.o
 .debug_macro   0x00000000       0x58 ./Generated_Code/Vectors.o
 .debug_macro   0x00000000       0x33 ./Generated_Code/Vectors.o
 .debug_macro   0x00000000       0x58 ./Generated_Code/Vectors.o
 .debug_macro   0x00000000       0x33 ./Generated_Code/Vectors.o
 .debug_macro   0x00000000       0x58 ./Generated_Code/Vectors.o
 .debug_macro   0x00000000       0x33 ./Generated_Code/Vectors.o
 .debug_macro   0x00000000       0x5e ./Generated_Code/Vectors.o
 .debug_macro   0x00000000       0x16 ./Generated_Code/Vectors.o
 .debug_macro   0x00000000       0x37 ./Generated_Code/Vectors.o
 .debug_macro   0x00000000       0x23 ./Generated_Code/Vectors.o
 .group         0x00000000        0x8 ./Generated_Code/WAIT1.o
 .group         0x00000000        0x8 ./Generated_Code/WAIT1.o
 .group         0x00000000        0x8 ./Generated_Code/WAIT1.o
 .group         0x00000000        0x8 ./Generated_Code/WAIT1.o
 .group         0x00000000        0x8 ./Generated_Code/WAIT1.o
 .group         0x00000000        0x8 ./Generated_Code/WAIT1.o
 .group         0x00000000        0x8 ./Generated_Code/WAIT1.o
 .group         0x00000000        0x8 ./Generated_Code/WAIT1.o
 .group         0x00000000        0x8 ./Generated_Code/WAIT1.o
 .group         0x00000000        0x8 ./Generated_Code/WAIT1.o
 .group         0x00000000        0x8 ./Generated_Code/WAIT1.o
 .group         0x00000000        0x8 ./Generated_Code/WAIT1.o
 .text          0x00000000        0x0 ./Generated_Code/WAIT1.o
 .data          0x00000000        0x0 ./Generated_Code/WAIT1.o
 .bss           0x00000000        0x0 ./Generated_Code/WAIT1.o
 .text.WAIT1_DeInit
                0x00000000        0x8 ./Generated_Code/WAIT1.o
 .debug_macro   0x00000000      0x802 ./Generated_Code/WAIT1.o
 .debug_macro   0x00000000       0x5e ./Generated_Code/WAIT1.o
 .debug_macro   0x00000000       0x16 ./Generated_Code/WAIT1.o
 .debug_macro   0x00000000       0x44 ./Generated_Code/WAIT1.o
 .debug_macro   0x00000000      0x209 ./Generated_Code/WAIT1.o
 .debug_macro   0x00000000     0x1592 ./Generated_Code/WAIT1.o
 .debug_macro   0x00000000      0x14e ./Generated_Code/WAIT1.o
 .debug_macro   0x00000000       0x64 ./Generated_Code/WAIT1.o
 .debug_macro   0x00000000     0x6691 ./Generated_Code/WAIT1.o
 .debug_macro   0x00000000       0x9a ./Generated_Code/WAIT1.o
 .debug_macro   0x00000000       0x16 ./Generated_Code/WAIT1.o
 .debug_macro   0x00000000       0x37 ./Generated_Code/WAIT1.o
 .text          0x00000000        0x0 c:/freescale/kds_v3/toolchain/bin/../lib/gcc/arm-none-eabi/4.8.4/../../../../arm-none-eabi/lib/armv6-m\libg_s.a(lib_a-exit.o)
 .data          0x00000000        0x0 c:/freescale/kds_v3/toolchain/bin/../lib/gcc/arm-none-eabi/4.8.4/../../../../arm-none-eabi/lib/armv6-m\libg_s.a(lib_a-exit.o)
 .bss           0x00000000        0x0 c:/freescale/kds_v3/toolchain/bin/../lib/gcc/arm-none-eabi/4.8.4/../../../../arm-none-eabi/lib/armv6-m\libg_s.a(lib_a-exit.o)
 .text          0x00000000        0x0 c:/freescale/kds_v3/toolchain/bin/../lib/gcc/arm-none-eabi/4.8.4/../../../../arm-none-eabi/lib/armv6-m\libg_s.a(lib_a-impure.o)
 .data          0x00000000        0x0 c:/freescale/kds_v3/toolchain/bin/../lib/gcc/arm-none-eabi/4.8.4/../../../../arm-none-eabi/lib/armv6-m\libg_s.a(lib_a-impure.o)
 .bss           0x00000000        0x0 c:/freescale/kds_v3/toolchain/bin/../lib/gcc/arm-none-eabi/4.8.4/../../../../arm-none-eabi/lib/armv6-m\libg_s.a(lib_a-impure.o)
 .data._impure_ptr
                0x00000000        0x4 c:/freescale/kds_v3/toolchain/bin/../lib/gcc/arm-none-eabi/4.8.4/../../../../arm-none-eabi/lib/armv6-m\libg_s.a(lib_a-impure.o)
 .text          0x00000000        0x0 c:/freescale/kds_v3/toolchain/bin/../lib/gcc/arm-none-eabi/4.8.4/../../../../arm-none-eabi/lib/armv6-m\libg_s.a(lib_a-init.o)
 .data          0x00000000        0x0 c:/freescale/kds_v3/toolchain/bin/../lib/gcc/arm-none-eabi/4.8.4/../../../../arm-none-eabi/lib/armv6-m\libg_s.a(lib_a-init.o)
 .bss           0x00000000        0x0 c:/freescale/kds_v3/toolchain/bin/../lib/gcc/arm-none-eabi/4.8.4/../../../../arm-none-eabi/lib/armv6-m\libg_s.a(lib_a-init.o)
 .text          0x00000000        0x0 c:/freescale/kds_v3/toolchain/bin/../lib/gcc/arm-none-eabi/4.8.4/../../../../arm-none-eabi/lib/armv6-m\libg_s.a(lib_a-memset.o)
 .data          0x00000000        0x0 c:/freescale/kds_v3/toolchain/bin/../lib/gcc/arm-none-eabi/4.8.4/../../../../arm-none-eabi/lib/armv6-m\libg_s.a(lib_a-memset.o)
 .bss           0x00000000        0x0 c:/freescale/kds_v3/toolchain/bin/../lib/gcc/arm-none-eabi/4.8.4/../../../../arm-none-eabi/lib/armv6-m\libg_s.a(lib_a-memset.o)
 .text          0x00000000        0x0 c:/freescale/kds_v3/toolchain/bin/../lib/gcc/arm-none-eabi/4.8.4/../../../../arm-none-eabi/lib/armv6-m\libnosys.a(_exit.o)
 .data          0x00000000        0x0 c:/freescale/kds_v3/toolchain/bin/../lib/gcc/arm-none-eabi/4.8.4/../../../../arm-none-eabi/lib/armv6-m\libnosys.a(_exit.o)
 .bss           0x00000000        0x0 c:/freescale/kds_v3/toolchain/bin/../lib/gcc/arm-none-eabi/4.8.4/../../../../arm-none-eabi/lib/armv6-m\libnosys.a(_exit.o)
 .text          0x00000000        0x0 c:/freescale/kds_v3/toolchain/bin/../lib/gcc/arm-none-eabi/4.8.4/armv6-m/crtend.o
 .data          0x00000000        0x0 c:/freescale/kds_v3/toolchain/bin/../lib/gcc/arm-none-eabi/4.8.4/armv6-m/crtend.o
 .bss           0x00000000        0x0 c:/freescale/kds_v3/toolchain/bin/../lib/gcc/arm-none-eabi/4.8.4/armv6-m/crtend.o
 .eh_frame      0x00000000        0x4 c:/freescale/kds_v3/toolchain/bin/../lib/gcc/arm-none-eabi/4.8.4/armv6-m/crtend.o
 .jcr           0x00000000        0x4 c:/freescale/kds_v3/toolchain/bin/../lib/gcc/arm-none-eabi/4.8.4/armv6-m/crtend.o
 .ARM.attributes
                0x00000000       0x2c c:/freescale/kds_v3/toolchain/bin/../lib/gcc/arm-none-eabi/4.8.4/armv6-m/crtend.o
 .text          0x00000000        0x0 c:/freescale/kds_v3/toolchain/bin/../lib/gcc/arm-none-eabi/4.8.4/armv6-m/crtn.o
 .data          0x00000000        0x0 c:/freescale/kds_v3/toolchain/bin/../lib/gcc/arm-none-eabi/4.8.4/armv6-m/crtn.o
 .bss           0x00000000        0x0 c:/freescale/kds_v3/toolchain/bin/../lib/gcc/arm-none-eabi/4.8.4/armv6-m/crtn.o

Memory Configuration

Name             Origin             Length             Attributes
m_interrupts     0x00000000         0x000000c0         xr
m_text           0x00000410         0x0001fbf0         xr
m_data           0x1ffff000         0x00004000         rw
m_cfmprotrom     0x00000400         0x00000010         xr
*default*        0x00000000         0xffffffff

Linker script and memory map

LOAD c:/freescale/kds_v3/toolchain/bin/../lib/gcc/arm-none-eabi/4.8.4/armv6-m/crti.o
LOAD c:/freescale/kds_v3/toolchain/bin/../lib/gcc/arm-none-eabi/4.8.4/armv6-m/crtbegin.o
LOAD c:/freescale/kds_v3/toolchain/bin/../lib/gcc/arm-none-eabi/4.8.4/../../../../arm-none-eabi/lib/armv6-m/crt0.o
LOAD ./Sources/Events.o
LOAD ./Sources/main.o
LOAD ./Project_Settings/Startup_Code/startup.o
LOAD ./Generated_Code/BitIoLdd1.o
LOAD ./Generated_Code/BitIoLdd10.o
LOAD ./Generated_Code/BitIoLdd2.o
LOAD ./Generated_Code/BitIoLdd7.o
LOAD ./Generated_Code/BitIoLdd8.o
LOAD ./Generated_Code/BitIoLdd9.o
LOAD ./Generated_Code/Cpu.o
LOAD ./Generated_Code/DB41.o
LOAD ./Generated_Code/DB51.o
LOAD ./Generated_Code/DB61.o
LOAD ./Generated_Code/DB71.o
LOAD ./Generated_Code/EN1.o
LOAD ./Generated_Code/LCDout.o
LOAD ./Generated_Code/MCUC1.o
LOAD ./Generated_Code/PE_LDD.o
LOAD ./Generated_Code/RS1.o
LOAD ./Generated_Code/Vectors.o
LOAD ./Generated_Code/WAIT1.o
LOAD c:/freescale/kds_v3/toolchain/bin/../lib/gcc/arm-none-eabi/4.8.4/../../../../arm-none-eabi/lib/armv6-m\libstdc++_s.a
LOAD c:/freescale/kds_v3/toolchain/bin/../lib/gcc/arm-none-eabi/4.8.4/../../../../arm-none-eabi/lib/armv6-m\libm.a
START GROUP
LOAD c:/freescale/kds_v3/toolchain/bin/../lib/gcc/arm-none-eabi/4.8.4/armv6-m\libgcc.a
LOAD c:/freescale/kds_v3/toolchain/bin/../lib/gcc/arm-none-eabi/4.8.4/../../../../arm-none-eabi/lib/armv6-m\libg_s.a
LOAD c:/freescale/kds_v3/toolchain/bin/../lib/gcc/arm-none-eabi/4.8.4/../../../../arm-none-eabi/lib/armv6-m\libc_s.a
END GROUP
START GROUP
LOAD c:/freescale/kds_v3/toolchain/bin/../lib/gcc/arm-none-eabi/4.8.4/armv6-m\libgcc.a
LOAD c:/freescale/kds_v3/toolchain/bin/../lib/gcc/arm-none-eabi/4.8.4/../../../../arm-none-eabi/lib/armv6-m\libc_s.a
LOAD c:/freescale/kds_v3/toolchain/bin/../lib/gcc/arm-none-eabi/4.8.4/../../../../arm-none-eabi/lib/armv6-m\libnosys.a
END GROUP
START GROUP
LOAD c:/freescale/kds_v3/toolchain/bin/../lib/gcc/arm-none-eabi/4.8.4/armv6-m\libgcc.a
LOAD c:/freescale/kds_v3/toolchain/bin/../lib/gcc/arm-none-eabi/4.8.4/../../../../arm-none-eabi/lib/armv6-m\libc_s.a
LOAD c:/freescale/kds_v3/toolchain/bin/../lib/gcc/arm-none-eabi/4.8.4/../../../../arm-none-eabi/lib/armv6-m\libnosys.a
END GROUP
LOAD c:/freescale/kds_v3/toolchain/bin/../lib/gcc/arm-none-eabi/4.8.4/armv6-m/crtend.o
LOAD c:/freescale/kds_v3/toolchain/bin/../lib/gcc/arm-none-eabi/4.8.4/armv6-m/crtn.o
                0x20003000                _estack = 0x20003000
                0x20003000                __SP_INIT = _estack
                0x20003000                __stack = _estack
                0x00000000                __heap_size = 0x0
                0x00000400                __stack_size = 0x400

.interrupts     0x00000000       0xc0
                0x00000000                __vector_table = .
                0x00000000                . = ALIGN (0x4)
 *(.vectortable)
 .vectortable   0x00000000       0xc0 ./Generated_Code/Vectors.o
                0x00000000                __vect_table
                0x000000c0                . = ALIGN (0x4)

.cfmprotect     0x00000400       0x10
                0x00000400                . = ALIGN (0x4)
 *(.cfmconfig)
 .cfmconfig     0x00000400       0x10 ./Generated_Code/Cpu.o
                0x00000400                _cfm
                0x00000410                . = ALIGN (0x4)

.text           0x00000410      0xd14
                0x00000410                . = ALIGN (0x4)
 *(.text)
 .text          0x00000410       0x60 c:/freescale/kds_v3/toolchain/bin/../lib/gcc/arm-none-eabi/4.8.4/armv6-m/crtbegin.o
 .text          0x00000470       0x78 c:/freescale/kds_v3/toolchain/bin/../lib/gcc/arm-none-eabi/4.8.4/../../../../arm-none-eabi/lib/armv6-m/crt0.o
                0x00000470                _start
                0x00000470                _mainCRTStartup
 *(.text*)
 .text.Cpu_OnNMIINT
                0x000004e8        0x8 ./Sources/Events.o
                0x000004e8                Cpu_OnNMIINT
 .text.main     0x000004f0       0x38 ./Sources/main.o
                0x000004f0                main
 .text.__copy_rom_section
                0x00000528       0xd8 ./Project_Settings/Startup_Code/startup.o
                0x00000528                __copy_rom_section
 .text.__copy_rom_sections_to_ram
                0x00000600       0x98 ./Project_Settings/Startup_Code/startup.o
                0x00000600                __copy_rom_sections_to_ram
 .text.__init_registers
                0x00000698        0x8 ./Project_Settings/Startup_Code/startup.o
                0x00000698                __init_registers
 .text.__init_user
                0x000006a0        0x8 ./Project_Settings/Startup_Code/startup.o
                0x000006a0                __init_user
 .text.__thumb_startup
                0x000006a8       0x30 ./Project_Settings/Startup_Code/startup.o
                0x000006a8                __thumb_startup
 .text.BitIoLdd1_Init
                0x000006d8       0x60 ./Generated_Code/BitIoLdd1.o
                0x000006d8                BitIoLdd1_Init
 .text.BitIoLdd1_ClrVal
                0x00000738       0x18 ./Generated_Code/BitIoLdd1.o
                0x00000738                BitIoLdd1_ClrVal
 .text.BitIoLdd1_SetVal
                0x00000750       0x18 ./Generated_Code/BitIoLdd1.o
                0x00000750                BitIoLdd1_SetVal
 .text.BitIoLdd10_Init
                0x00000768       0x68 ./Generated_Code/BitIoLdd10.o
                0x00000768                BitIoLdd10_Init
 .text.BitIoLdd10_SetOutput
                0x000007d0       0x20 ./Generated_Code/BitIoLdd10.o
                0x000007d0                BitIoLdd10_SetOutput
 .text.BitIoLdd10_PutVal
                0x000007f0       0x34 ./Generated_Code/BitIoLdd10.o
                0x000007f0                BitIoLdd10_PutVal
 .text.BitIoLdd2_Init
                0x00000824       0x68 ./Generated_Code/BitIoLdd2.o
                0x00000824                BitIoLdd2_Init
 .text.BitIoLdd2_ClrVal
                0x0000088c       0x1c ./Generated_Code/BitIoLdd2.o
                0x0000088c                BitIoLdd2_ClrVal
 .text.BitIoLdd2_SetVal
                0x000008a8       0x1c ./Generated_Code/BitIoLdd2.o
                0x000008a8                BitIoLdd2_SetVal
 .text.BitIoLdd7_Init
                0x000008c4       0x60 ./Generated_Code/BitIoLdd7.o
                0x000008c4                BitIoLdd7_Init
 .text.BitIoLdd7_SetOutput
                0x00000924       0x20 ./Generated_Code/BitIoLdd7.o
                0x00000924                BitIoLdd7_SetOutput
 .text.BitIoLdd7_PutVal
                0x00000944       0x30 ./Generated_Code/BitIoLdd7.o
                0x00000944                BitIoLdd7_PutVal
 .text.BitIoLdd8_Init
                0x00000974       0x60 ./Generated_Code/BitIoLdd8.o
                0x00000974                BitIoLdd8_Init
 .text.BitIoLdd8_SetOutput
                0x000009d4       0x20 ./Generated_Code/BitIoLdd8.o
                0x000009d4                BitIoLdd8_SetOutput
 .text.BitIoLdd8_PutVal
                0x000009f4       0x30 ./Generated_Code/BitIoLdd8.o
                0x000009f4                BitIoLdd8_PutVal
 .text.BitIoLdd9_Init
                0x00000a24       0x68 ./Generated_Code/BitIoLdd9.o
                0x00000a24                BitIoLdd9_Init
 .text.BitIoLdd9_SetOutput
                0x00000a8c       0x20 ./Generated_Code/BitIoLdd9.o
                0x00000a8c                BitIoLdd9_SetOutput
 .text.BitIoLdd9_PutVal
                0x00000aac       0x34 ./Generated_Code/BitIoLdd9.o
                0x00000aac                BitIoLdd9_PutVal
 .text.Cpu_INT_NMIInterrupt
                0x00000ae0        0xc ./Generated_Code/Cpu.o
                0x00000ae0                Cpu_INT_NMIInterrupt
 .text.Cpu_Interrupt
                0x00000aec        0xc ./Generated_Code/Cpu.o
                0x00000aec                Cpu_Interrupt
 .text.__init_hardware
                0x00000af8      0x110 ./Generated_Code/Cpu.o
                0x00000af8                __init_hardware
 .text.PE_low_level_init
                0x00000c08       0xe4 ./Generated_Code/Cpu.o
                0x00000c08                PE_low_level_init
 .text.DataPut  0x00000cec       0x80 ./Generated_Code/LCDout.o
 .text.EnablePulse
                0x00000d6c       0x24 ./Generated_Code/LCDout.o
 .text.LCDout_WriteLCDCommand
                0x00000d90       0x54 ./Generated_Code/LCDout.o
                0x00000d90                LCDout_WriteLCDCommand
 .text.LCDout_Clear
                0x00000de4       0x10 ./Generated_Code/LCDout.o
                0x00000de4                LCDout_Clear
 .text.LCDout_WriteLCDData
                0x00000df4       0x6c ./Generated_Code/LCDout.o
                0x00000df4                LCDout_WriteLCDData
 .text.LCDout_GotoXY
                0x00000e60       0x38 ./Generated_Code/LCDout.o
                0x00000e60                LCDout_GotoXY
 .text.LCDout_WriteString
                0x00000e98       0x2c ./Generated_Code/LCDout.o
                0x00000e98                LCDout_WriteString
 .text.LCDout_Init
                0x00000ec4       0xac ./Generated_Code/LCDout.o
                0x00000ec4                LCDout_Init
 .text.WAIT1_Wait10Cycles
                0x00000f70        0x8 ./Generated_Code/WAIT1.o
                0x00000f70                WAIT1_Wait10Cycles
 .text.WAIT1_Wait100Cycles
                0x00000f78       0x24 ./Generated_Code/WAIT1.o
                0x00000f78                WAIT1_Wait100Cycles
 .text.WAIT1_WaitCycles
                0x00000f9c       0x44 ./Generated_Code/WAIT1.o
                0x00000f9c                WAIT1_WaitCycles
 .text.WAIT1_WaitLongCycles
                0x00000fe0       0x3c ./Generated_Code/WAIT1.o
                0x00000fe0                WAIT1_WaitLongCycles
 .text.WAIT1_Waitms
                0x0000101c       0x38 ./Generated_Code/WAIT1.o
                0x0000101c                WAIT1_Waitms
 .text.WAIT1_Init
                0x00001054        0x8 ./Generated_Code/WAIT1.o
                0x00001054                WAIT1_Init
 .text.exit     0x0000105c       0x2c c:/freescale/kds_v3/toolchain/bin/../lib/gcc/arm-none-eabi/4.8.4/../../../../arm-none-eabi/lib/armv6-m\libg_s.a(lib_a-exit.o)
                0x0000105c                exit
 .text.__libc_init_array
                0x00001088       0x4c c:/freescale/kds_v3/toolchain/bin/../lib/gcc/arm-none-eabi/4.8.4/../../../../arm-none-eabi/lib/armv6-m\libg_s.a(lib_a-init.o)
                0x00001088                __libc_init_array
 .text.memset   0x000010d4       0x10 c:/freescale/kds_v3/toolchain/bin/../lib/gcc/arm-none-eabi/4.8.4/../../../../arm-none-eabi/lib/armv6-m\libg_s.a(lib_a-memset.o)
                0x000010d4                memset
 .text._exit    0x000010e4        0x4 c:/freescale/kds_v3/toolchain/bin/../lib/gcc/arm-none-eabi/4.8.4/../../../../arm-none-eabi/lib/armv6-m\libnosys.a(_exit.o)
                0x000010e4                _exit
 *(.rodata)
 .rodata        0x000010e8       0x1c ./Sources/main.o
 *(.rodata*)
 .rodata.str1.1
                0x00001104        0x2 c:/freescale/kds_v3/toolchain/bin/../lib/gcc/arm-none-eabi/4.8.4/../../../../arm-none-eabi/lib/armv6-m\libg_s.a(lib_a-impure.o)
 *fill*         0x00001106        0x2 
 .rodata._global_impure_ptr
                0x00001108        0x4 c:/freescale/kds_v3/toolchain/bin/../lib/gcc/arm-none-eabi/4.8.4/../../../../arm-none-eabi/lib/armv6-m\libg_s.a(lib_a-impure.o)
                0x00001108                _global_impure_ptr
 *(.glue_7)
 .glue_7        0x00000000        0x0 linker stubs
 *(.glue_7t)
 .glue_7t       0x00000000        0x0 linker stubs
 *(.eh_frame)
 .eh_frame      0x0000110c        0x0 c:/freescale/kds_v3/toolchain/bin/../lib/gcc/arm-none-eabi/4.8.4/armv6-m/crtbegin.o
 *(.init)
 .init          0x0000110c        0x4 c:/freescale/kds_v3/toolchain/bin/../lib/gcc/arm-none-eabi/4.8.4/armv6-m/crti.o
                0x0000110c                _init
 .init          0x00001110        0x8 c:/freescale/kds_v3/toolchain/bin/../lib/gcc/arm-none-eabi/4.8.4/armv6-m/crtn.o
 *(.fini)
 .fini          0x00001118        0x4 c:/freescale/kds_v3/toolchain/bin/../lib/gcc/arm-none-eabi/4.8.4/armv6-m/crti.o
                0x00001118                _fini
 .fini          0x0000111c        0x8 c:/freescale/kds_v3/toolchain/bin/../lib/gcc/arm-none-eabi/4.8.4/armv6-m/crtn.o
                0x00001124                . = ALIGN (0x4)
                0x00001124                _etext = .

.vfp11_veneer   0x00001124        0x0
 .vfp11_veneer  0x00000000        0x0 linker stubs

.v4_bx          0x00001124        0x0
 .v4_bx         0x00000000        0x0 linker stubs

.iplt           0x00001124        0x0
 .iplt          0x00000000        0x0 c:/freescale/kds_v3/toolchain/bin/../lib/gcc/arm-none-eabi/4.8.4/armv6-m/crtbegin.o

.ARM.extab
 *(.ARM.extab* .gnu.linkonce.armextab.*)

.ARM            0x00001124        0x8
                0x00001124                __exidx_start = .
 *(.ARM.exidx*)
 .ARM.exidx     0x00001124        0x8 c:/freescale/kds_v3/toolchain/bin/../lib/gcc/arm-none-eabi/4.8.4/../../../../arm-none-eabi/lib/armv6-m/crt0.o
                0x0000112c                __exidx_end = .

.rel.dyn        0x0000112c        0x0
 .rel.iplt      0x00000000        0x0 c:/freescale/kds_v3/toolchain/bin/../lib/gcc/arm-none-eabi/4.8.4/armv6-m/crtbegin.o

.ctors          0x0000112c        0x0
                0x0000112c                __CTOR_LIST__ = .
 *crtbegin.o(.ctors)
 *(EXCLUDE_FILE(*crtend.o) .ctors)
 *(SORT(.ctors.*))
 *(.ctors)
                0x0000112c                __CTOR_END__ = .

.dtors          0x0000112c        0x0
                0x0000112c                __DTOR_LIST__ = .
 *crtbegin.o(.dtors)
 *(EXCLUDE_FILE(*crtend.o) .dtors)
 *(SORT(.dtors.*))
 *(.dtors)
                0x0000112c                __DTOR_END__ = .

.preinit_array  0x0000112c        0x0
                0x0000112c                PROVIDE (__preinit_array_start, .)
 *(.preinit_array*)
                0x0000112c                PROVIDE (__preinit_array_end, .)

.init_array     0x0000112c        0x4
                0x0000112c                PROVIDE (__init_array_start, .)
 *(SORT(.init_array.*))
 *(.init_array*)
 .init_array    0x0000112c        0x4 c:/freescale/kds_v3/toolchain/bin/../lib/gcc/arm-none-eabi/4.8.4/armv6-m/crtbegin.o
                0x00001130                PROVIDE (__init_array_end, .)

.fini_array     0x00001130        0x4
                0x00001130                PROVIDE (__fini_array_start, .)
 *(SORT(.fini_array.*))
 *(.fini_array*)
 .fini_array    0x00001130        0x4 c:/freescale/kds_v3/toolchain/bin/../lib/gcc/arm-none-eabi/4.8.4/armv6-m/crtbegin.o
                0x00001134                PROVIDE (__fini_array_end, .)
                0x00001134                ___ROM_AT = .

.mtb            0x1ffff000        0x0
                0x1ffff000                . = ALIGN (0x8)
                0x1ffff000                _mtb_start = .
 *(.mtb_buf)
                0x1ffff000                . = ALIGN (0x8)
                0x1ffff000                _mtb_end = .

.data           0x1ffff000       0x60 load address 0x00001134
                0x1ffff000                . = ALIGN (0x4)
                0x1ffff000                _sdata = .
 *(.data)
 *(.data*)
 .data.impure_data
                0x1ffff000       0x60 c:/freescale/kds_v3/toolchain/bin/../lib/gcc/arm-none-eabi/4.8.4/../../../../arm-none-eabi/lib/armv6-m\libg_s.a(lib_a-impure.o)
                0x1ffff060                . = ALIGN (0x4)
                0x1ffff060                _edata = .
                0x00000060                ___data_size = (_edata - _sdata)

.jcr            0x1ffff060        0x0 load address 0x00001194
 .jcr           0x1ffff060        0x0 c:/freescale/kds_v3/toolchain/bin/../lib/gcc/arm-none-eabi/4.8.4/armv6-m/crtbegin.o

.igot.plt       0x1ffff060        0x0 load address 0x00001194
 .igot.plt      0x00000000        0x0 c:/freescale/kds_v3/toolchain/bin/../lib/gcc/arm-none-eabi/4.8.4/armv6-m/crtbegin.o
                0x1ffff060                . = ALIGN (0x4)

.bss            0x1ffff060       0x4c load address 0x00001194
                0x1ffff060                __START_BSS = .
                0x1ffff060                PROVIDE (__bss_start__, __START_BSS)
 *(.bss)
 .bss           0x1ffff060       0x1c c:/freescale/kds_v3/toolchain/bin/../lib/gcc/arm-none-eabi/4.8.4/armv6-m/crtbegin.o
 *(.bss*)
 .bss.DeviceDataPrv__DEFAULT_RTOS_ALLOC
                0x1ffff07c        0x4 ./Generated_Code/BitIoLdd1.o
 .bss.DeviceDataPrv__DEFAULT_RTOS_ALLOC
                0x1ffff080        0x4 ./Generated_Code/BitIoLdd10.o
 .bss.DeviceDataPrv__DEFAULT_RTOS_ALLOC
                0x1ffff084        0x4 ./Generated_Code/BitIoLdd2.o
 .bss.DeviceDataPrv__DEFAULT_RTOS_ALLOC
                0x1ffff088        0x4 ./Generated_Code/BitIoLdd7.o
 .bss.DeviceDataPrv__DEFAULT_RTOS_ALLOC
                0x1ffff08c        0x4 ./Generated_Code/BitIoLdd8.o
 .bss.DeviceDataPrv__DEFAULT_RTOS_ALLOC
                0x1ffff090        0x4 ./Generated_Code/BitIoLdd9.o
 .bss.PE_LDD_DeviceDataList
                0x1ffff094       0x18 ./Generated_Code/PE_LDD.o
                0x1ffff094                PE_LDD_DeviceDataList
 *(COMMON)
                0x1ffff0ac                . = ALIGN (0x4)
                0x1ffff0ac                __END_BSS = .
                0x1ffff0ac                PROVIDE (__bss_end__, __END_BSS)
                0x00001194                _romp_at = (___ROM_AT + SIZEOF (.data))

.romp           0x1ffff0ac       0x18 load address 0x00001194
                0x00001194                __S_romp = _romp_at
                0x1ffff0ac        0x4 LONG 0x1134 ___ROM_AT
                0x1ffff0b0        0x4 LONG 0x1ffff000 _sdata
                0x1ffff0b4        0x4 LONG 0x60 ___data_size
                0x1ffff0b8        0x4 LONG 0x0
                0x1ffff0bc        0x4 LONG 0x0
                0x1ffff0c0        0x4 LONG 0x0
                0x00020000                text_end = (ORIGIN (m_text) + 0x1fbf0)
                0x000011ac                data_init_end = ((___ROM_AT + SIZEOF (.data)) + SIZEOF (.romp))
                0x00000001                ASSERT ((data_init_end <= text_end), region m_text overflowed with text and data)

._user_heap_stack
                0x1ffff0c4      0x400 load address 0x000011ac
                0x1ffff0c4                . = ALIGN (0x4)
                0x1ffff0c4                PROVIDE (end, .)
                0x1ffff0c4                PROVIDE (_end, .)
                0x1ffff0c4                PROVIDE (__end__, .)
                0x1ffff0c4                __heap_addr = .
                0x1ffff0c4                __HeapBase = .
                0x1ffff0c4                . = (. + __heap_size)
                0x1ffff0c4                __HeapLimit = .
                0x1ffff4c4                . = (. + __stack_size)
 *fill*         0x1ffff0c4      0x400 
                0x1ffff4c4                . = ALIGN (0x4)

.ARM.attributes
                0x00000000       0x28
 *(.ARM.attributes)
 .ARM.attributes
                0x00000000       0x1e c:/freescale/kds_v3/toolchain/bin/../lib/gcc/arm-none-eabi/4.8.4/armv6-m/crti.o
 .ARM.attributes
                0x0000001e       0x2c c:/freescale/kds_v3/toolchain/bin/../lib/gcc/arm-none-eabi/4.8.4/armv6-m/crtbegin.o
 .ARM.attributes
                0x0000004a       0x1b c:/freescale/kds_v3/toolchain/bin/../lib/gcc/arm-none-eabi/4.8.4/../../../../arm-none-eabi/lib/armv6-m/crt0.o
 .ARM.attributes
                0x00000065       0x32 ./Sources/Events.o
 .ARM.attributes
                0x00000097       0x32 ./Sources/main.o
 .ARM.attributes
                0x000000c9       0x32 ./Project_Settings/Startup_Code/startup.o
 .ARM.attributes
                0x000000fb       0x32 ./Generated_Code/BitIoLdd1.o
 .ARM.attributes
                0x0000012d       0x32 ./Generated_Code/BitIoLdd10.o
 .ARM.attributes
                0x0000015f       0x32 ./Generated_Code/BitIoLdd2.o
 .ARM.attributes
                0x00000191       0x32 ./Generated_Code/BitIoLdd7.o
 .ARM.attributes
                0x000001c3       0x32 ./Generated_Code/BitIoLdd8.o
 .ARM.attributes
                0x000001f5       0x32 ./Generated_Code/BitIoLdd9.o
 .ARM.attributes
                0x00000227       0x32 ./Generated_Code/Cpu.o
 .ARM.attributes
                0x00000259       0x32 ./Generated_Code/LCDout.o
 .ARM.attributes
                0x0000028b       0x32 ./Generated_Code/PE_LDD.o
 .ARM.attributes
                0x000002bd       0x32 ./Generated_Code/Vectors.o
 .ARM.attributes
                0x000002ef       0x32 ./Generated_Code/WAIT1.o
 .ARM.attributes
                0x00000321       0x2c c:/freescale/kds_v3/toolchain/bin/../lib/gcc/arm-none-eabi/4.8.4/../../../../arm-none-eabi/lib/armv6-m\libg_s.a(lib_a-exit.o)
 .ARM.attributes
                0x0000034d       0x2c c:/freescale/kds_v3/toolchain/bin/../lib/gcc/arm-none-eabi/4.8.4/../../../../arm-none-eabi/lib/armv6-m\libg_s.a(lib_a-impure.o)
 .ARM.attributes
                0x00000379       0x2c c:/freescale/kds_v3/toolchain/bin/../lib/gcc/arm-none-eabi/4.8.4/../../../../arm-none-eabi/lib/armv6-m\libg_s.a(lib_a-init.o)
 .ARM.attributes
                0x000003a5       0x2c c:/freescale/kds_v3/toolchain/bin/../lib/gcc/arm-none-eabi/4.8.4/../../../../arm-none-eabi/lib/armv6-m\libg_s.a(lib_a-memset.o)
 .ARM.attributes
                0x000003d1       0x2c c:/freescale/kds_v3/toolchain/bin/../lib/gcc/arm-none-eabi/4.8.4/../../../../arm-none-eabi/lib/armv6-m\libnosys.a(_exit.o)
 .ARM.attributes
                0x000003fd       0x1e c:/freescale/kds_v3/toolchain/bin/../lib/gcc/arm-none-eabi/4.8.4/armv6-m/crtn.o
OUTPUT(goodstrackerLCD.elf elf32-littlearm)

.debug_info     0x00000000     0x2a12
 .debug_info    0x00000000       0x96 ./Sources/Events.o
 .debug_info    0x00000096       0x9a ./Sources/main.o
 .debug_info    0x00000130      0x20a ./Project_Settings/Startup_Code/startup.o
 .debug_info    0x0000033a      0x30d ./Generated_Code/BitIoLdd1.o
 .debug_info    0x00000647      0x401 ./Generated_Code/BitIoLdd10.o
 .debug_info    0x00000a48      0x30d ./Generated_Code/BitIoLdd2.o
 .debug_info    0x00000d55      0x401 ./Generated_Code/BitIoLdd7.o
 .debug_info    0x00001156      0x401 ./Generated_Code/BitIoLdd8.o
 .debug_info    0x00001557      0x401 ./Generated_Code/BitIoLdd9.o
 .debug_info    0x00001958      0x842 ./Generated_Code/Cpu.o
 .debug_info    0x0000219a      0x3a9 ./Generated_Code/LCDout.o
 .debug_info    0x00002543      0x251 ./Generated_Code/PE_LDD.o
 .debug_info    0x00002794      0x10e ./Generated_Code/Vectors.o
 .debug_info    0x000028a2      0x170 ./Generated_Code/WAIT1.o

.debug_abbrev   0x00000000      0xef9
 .debug_abbrev  0x00000000       0x45 ./Sources/Events.o
 .debug_abbrev  0x00000045       0x47 ./Sources/main.o
 .debug_abbrev  0x0000008c      0x11e ./Project_Settings/Startup_Code/startup.o
 .debug_abbrev  0x000001aa      0x127 ./Generated_Code/BitIoLdd1.o
 .debug_abbrev  0x000002d1      0x16e ./Generated_Code/BitIoLdd10.o
 .debug_abbrev  0x0000043f      0x127 ./Generated_Code/BitIoLdd2.o
 .debug_abbrev  0x00000566      0x16e ./Generated_Code/BitIoLdd7.o
 .debug_abbrev  0x000006d4      0x16e ./Generated_Code/BitIoLdd8.o
 .debug_abbrev  0x00000842      0x16e ./Generated_Code/BitIoLdd9.o
 .debug_abbrev  0x000009b0      0x14f ./Generated_Code/Cpu.o
 .debug_abbrev  0x00000aff      0x198 ./Generated_Code/LCDout.o
 .debug_abbrev  0x00000c97      0x10d ./Generated_Code/PE_LDD.o
 .debug_abbrev  0x00000da4       0xa4 ./Generated_Code/Vectors.o
 .debug_abbrev  0x00000e48       0xb1 ./Generated_Code/WAIT1.o

.debug_aranges  0x00000000      0x3d0
 .debug_aranges
                0x00000000       0x20 ./Sources/Events.o
 .debug_aranges
                0x00000020       0x20 ./Sources/main.o
 .debug_aranges
                0x00000040       0x50 ./Project_Settings/Startup_Code/startup.o
 .debug_aranges
                0x00000090       0x30 ./Generated_Code/BitIoLdd1.o
 .debug_aranges
                0x000000c0       0x58 ./Generated_Code/BitIoLdd10.o
 .debug_aranges
                0x00000118       0x30 ./Generated_Code/BitIoLdd2.o
 .debug_aranges
                0x00000148       0x58 ./Generated_Code/BitIoLdd7.o
 .debug_aranges
                0x000001a0       0x58 ./Generated_Code/BitIoLdd8.o
 .debug_aranges
                0x000001f8       0x58 ./Generated_Code/BitIoLdd9.o
 .debug_aranges
                0x00000250       0x38 ./Generated_Code/Cpu.o
 .debug_aranges
                0x00000288       0xb0 ./Generated_Code/LCDout.o
 .debug_aranges
                0x00000338       0x30 ./Generated_Code/PE_LDD.o
 .debug_aranges
                0x00000368       0x18 ./Generated_Code/Vectors.o
 .debug_aranges
                0x00000380       0x50 ./Generated_Code/WAIT1.o

.debug_ranges   0x00000000      0x2e8
 .debug_ranges  0x00000000       0x10 ./Sources/Events.o
 .debug_ranges  0x00000010       0x10 ./Sources/main.o
 .debug_ranges  0x00000020       0x40 ./Project_Settings/Startup_Code/startup.o
 .debug_ranges  0x00000060       0x20 ./Generated_Code/BitIoLdd1.o
 .debug_ranges  0x00000080       0x48 ./Generated_Code/BitIoLdd10.o
 .debug_ranges  0x000000c8       0x20 ./Generated_Code/BitIoLdd2.o
 .debug_ranges  0x000000e8       0x48 ./Generated_Code/BitIoLdd7.o
 .debug_ranges  0x00000130       0x48 ./Generated_Code/BitIoLdd8.o
 .debug_ranges  0x00000178       0x48 ./Generated_Code/BitIoLdd9.o
 .debug_ranges  0x000001c0       0x28 ./Generated_Code/Cpu.o
 .debug_ranges  0x000001e8       0xa0 ./Generated_Code/LCDout.o
 .debug_ranges  0x00000288       0x20 ./Generated_Code/PE_LDD.o
 .debug_ranges  0x000002a8       0x40 ./Generated_Code/WAIT1.o

.debug_macro    0x00000000    0x111bd
 .debug_macro   0x00000000      0x1c3 ./Sources/Events.o
 .debug_macro   0x000001c3      0x802 ./Sources/Events.o
 .debug_macro   0x000009c5       0x16 ./Sources/Events.o
 .debug_macro   0x000009db       0x44 ./Sources/Events.o
 .debug_macro   0x00000a1f      0x209 ./Sources/Events.o
 .debug_macro   0x00000c28     0x1592 ./Sources/Events.o
 .debug_macro   0x000021ba      0x14e ./Sources/Events.o
 .debug_macro   0x00002308       0x64 ./Sources/Events.o
 .debug_macro   0x0000236c     0x6691 ./Sources/Events.o
 .debug_macro   0x000089fd       0x94 ./Sources/Events.o
 .debug_macro   0x00008a91       0x94 ./Sources/Events.o
 .debug_macro   0x00008b25      0x12c ./Sources/Events.o
 .debug_macro   0x00008c51       0x34 ./Sources/Events.o
 .debug_macro   0x00008c85       0x10 ./Sources/Events.o
 .debug_macro   0x00008c95       0x3a ./Sources/Events.o
 .debug_macro   0x00008ccf       0x10 ./Sources/Events.o
 .debug_macro   0x00008cdf       0x58 ./Sources/Events.o
 .debug_macro   0x00008d37       0x33 ./Sources/Events.o
 .debug_macro   0x00008d6a       0x58 ./Sources/Events.o
 .debug_macro   0x00008dc2       0x33 ./Sources/Events.o
 .debug_macro   0x00008df5       0x58 ./Sources/Events.o
 .debug_macro   0x00008e4d       0x33 ./Sources/Events.o
 .debug_macro   0x00008e80       0x58 ./Sources/Events.o
 .debug_macro   0x00008ed8       0x33 ./Sources/Events.o
 .debug_macro   0x00008f0b       0x5e ./Sources/Events.o
 .debug_macro   0x00008f69       0x16 ./Sources/Events.o
 .debug_macro   0x00008f7f       0x37 ./Sources/Events.o
 .debug_macro   0x00008fb6       0x23 ./Sources/Events.o
 .debug_macro   0x00008fd9      0x1c3 ./Sources/main.o
 .debug_macro   0x0000919c      0x121 ./Project_Settings/Startup_Code/startup.o
 .debug_macro   0x000092bd       0x58 ./Project_Settings/Startup_Code/startup.o
 .debug_macro   0x00009315       0x35 ./Project_Settings/Startup_Code/startup.o
 .debug_macro   0x0000934a       0xa3 ./Project_Settings/Startup_Code/startup.o
 .debug_macro   0x000093ed      0x166 ./Project_Settings/Startup_Code/startup.o
 .debug_macro   0x00009553       0x4a ./Project_Settings/Startup_Code/startup.o
 .debug_macro   0x0000959d       0x52 ./Project_Settings/Startup_Code/startup.o
 .debug_macro   0x000095ef       0x16 ./Project_Settings/Startup_Code/startup.o
 .debug_macro   0x00009605       0x43 ./Project_Settings/Startup_Code/startup.o
 .debug_macro   0x00009648      0x180 ./Project_Settings/Startup_Code/startup.o
 .debug_macro   0x000097c8      0x2a6 ./Project_Settings/Startup_Code/startup.o
 .debug_macro   0x00009a6e       0x10 ./Project_Settings/Startup_Code/startup.o
 .debug_macro   0x00009a7e       0x35 ./Project_Settings/Startup_Code/startup.o
 .debug_macro   0x00009ab3       0x16 ./Project_Settings/Startup_Code/startup.o
 .debug_macro   0x00009ac9       0x22 ./Project_Settings/Startup_Code/startup.o
 .debug_macro   0x00009aeb       0x10 ./Project_Settings/Startup_Code/startup.o
 .debug_macro   0x00009afb      0x20f ./Project_Settings/Startup_Code/startup.o
 .debug_macro   0x00009d0a     0x6685 ./Project_Settings/Startup_Code/startup.o
 .debug_macro   0x0001038f       0xa6 ./Generated_Code/BitIoLdd1.o
 .debug_macro   0x00010435       0x9a ./Generated_Code/BitIoLdd1.o
 .debug_macro   0x000104cf       0xa6 ./Generated_Code/BitIoLdd10.o
 .debug_macro   0x00010575       0x52 ./Generated_Code/BitIoLdd10.o
 .debug_macro   0x000105c7       0xa6 ./Generated_Code/BitIoLdd2.o
 .debug_macro   0x0001066d       0x34 ./Generated_Code/BitIoLdd2.o
 .debug_macro   0x000106a1       0xa6 ./Generated_Code/BitIoLdd7.o
 .debug_macro   0x00010747       0x52 ./Generated_Code/BitIoLdd7.o
 .debug_macro   0x00010799       0xa6 ./Generated_Code/BitIoLdd8.o
 .debug_macro   0x0001083f       0x52 ./Generated_Code/BitIoLdd8.o
 .debug_macro   0x00010891       0xa6 ./Generated_Code/BitIoLdd9.o
 .debug_macro   0x00010937       0x52 ./Generated_Code/BitIoLdd9.o
 .debug_macro   0x00010989      0x1bf ./Generated_Code/Cpu.o
 .debug_macro   0x00010b48      0x297 ./Generated_Code/LCDout.o
 .debug_macro   0x00010ddf      0x171 ./Generated_Code/PE_LDD.o
 .debug_macro   0x00010f50      0x1c3 ./Generated_Code/Vectors.o
 .debug_macro   0x00011113       0xaa ./Generated_Code/WAIT1.o

.debug_line     0x00000000     0x3161
 .debug_line    0x00000000      0x387 ./Sources/Events.o
 .debug_line    0x00000387      0x391 ./Sources/main.o
 .debug_line    0x00000718      0x3da ./Project_Settings/Startup_Code/startup.o
 .debug_line    0x00000af2      0x2a3 ./Generated_Code/BitIoLdd1.o
 .debug_line    0x00000d95      0x305 ./Generated_Code/BitIoLdd10.o
 .debug_line    0x0000109a      0x2a2 ./Generated_Code/BitIoLdd2.o
 .debug_line    0x0000133c      0x304 ./Generated_Code/BitIoLdd7.o
 .debug_line    0x00001640      0x304 ./Generated_Code/BitIoLdd8.o
 .debug_line    0x00001944      0x303 ./Generated_Code/BitIoLdd9.o
 .debug_line    0x00001c47      0x51b ./Generated_Code/Cpu.o
 .debug_line    0x00002162      0x50b ./Generated_Code/LCDout.o
 .debug_line    0x0000266d      0x37e ./Generated_Code/PE_LDD.o
 .debug_line    0x000029eb      0x4a9 ./Generated_Code/Vectors.o
 .debug_line    0x00002e94      0x2cd ./Generated_Code/WAIT1.o

.debug_str      0x00000000    0x31791
 .debug_str     0x00000000    0x2dff7 ./Sources/Events.o
                              0x2e3ed (size before relaxing)
 .debug_str     0x0002dff7       0x17 ./Sources/main.o
                              0x2e3e3 (size before relaxing)
 .debug_str     0x0002e00e     0x25f6 ./Project_Settings/Startup_Code/startup.o
                              0x27316 (size before relaxing)
 .debug_str     0x00030604      0x175 ./Generated_Code/BitIoLdd1.o
                              0x2cb56 (size before relaxing)
 .debug_str     0x00030779       0xf1 ./Generated_Code/BitIoLdd10.o
                              0x2cc84 (size before relaxing)
 .debug_str     0x0003086a       0x7e ./Generated_Code/BitIoLdd2.o
                              0x2cb58 (size before relaxing)
 .debug_str     0x000308e8       0xd8 ./Generated_Code/BitIoLdd7.o
                              0x2cc68 (size before relaxing)
 .debug_str     0x000309c0       0xd8 ./Generated_Code/BitIoLdd8.o
                              0x2cc68 (size before relaxing)
 .debug_str     0x00030a98       0xd8 ./Generated_Code/BitIoLdd9.o
                              0x2cc6a (size before relaxing)
 .debug_str     0x00030b70      0x2b5 ./Generated_Code/Cpu.o
                              0x2e6ee (size before relaxing)
 .debug_str     0x00030e25      0x736 ./Generated_Code/LCDout.o
                              0x2eb3c (size before relaxing)
 .debug_str     0x0003155b      0x17e ./Generated_Code/PE_LDD.o
                              0x2e5a2 (size before relaxing)
 .debug_str     0x000316d9       0x1c ./Generated_Code/Vectors.o
                              0x2e435 (size before relaxing)
 .debug_str     0x000316f5       0x9c ./Generated_Code/WAIT1.o
                              0x2c3bf (size before relaxing)

.comment        0x00000000       0x70
 .comment       0x00000000       0x70 ./Sources/Events.o
                                 0x71 (size before relaxing)
 .comment       0x00000000       0x71 ./Sources/main.o
 .comment       0x00000000       0x71 ./Project_Settings/Startup_Code/startup.o
 .comment       0x00000000       0x71 ./Generated_Code/BitIoLdd1.o
 .comment       0x00000000       0x71 ./Generated_Code/BitIoLdd10.o
 .comment       0x00000000       0x71 ./Generated_Code/BitIoLdd2.o
 .comment       0x00000000       0x71 ./Generated_Code/BitIoLdd7.o
 .comment       0x00000000       0x71 ./Generated_Code/BitIoLdd8.o
 .comment       0x00000000       0x71 ./Generated_Code/BitIoLdd9.o
 .comment       0x00000000       0x71 ./Generated_Code/Cpu.o
 .comment       0x00000000       0x71 ./Generated_Code/LCDout.o
 .comment       0x00000000       0x71 ./Generated_Code/PE_LDD.o
 .comment       0x00000000       0x71 ./Generated_Code/Vectors.o
 .comment       0x00000000       0x71 ./Generated_Code/WAIT1.o

.debug_frame    0x00000000      0xadc
 .debug_frame   0x00000000       0x2c ./Sources/Events.o
 .debug_frame   0x0000002c       0x2c ./Sources/main.o
 .debug_frame   0x00000058       0xd0 ./Project_Settings/Startup_Code/startup.o
 .debug_frame   0x00000128       0x70 ./Generated_Code/BitIoLdd1.o
 .debug_frame   0x00000198      0x110 ./Generated_Code/BitIoLdd10.o
 .debug_frame   0x000002a8       0x70 ./Generated_Code/BitIoLdd2.o
 .debug_frame   0x00000318      0x110 ./Generated_Code/BitIoLdd7.o
 .debug_frame   0x00000428      0x110 ./Generated_Code/BitIoLdd8.o
 .debug_frame   0x00000538      0x110 ./Generated_Code/BitIoLdd9.o
 .debug_frame   0x00000648       0x80 ./Generated_Code/Cpu.o
 .debug_frame   0x000006c8      0x24c ./Generated_Code/LCDout.o
 .debug_frame   0x00000914       0x6c ./Generated_Code/PE_LDD.o
 .debug_frame   0x00000980       0xc8 ./Generated_Code/WAIT1.o
 .debug_frame   0x00000a48       0x28 c:/freescale/kds_v3/toolchain/bin/../lib/gcc/arm-none-eabi/4.8.4/../../../../arm-none-eabi/lib/armv6-m\libg_s.a(lib_a-exit.o)
 .debug_frame   0x00000a70       0x2c c:/freescale/kds_v3/toolchain/bin/../lib/gcc/arm-none-eabi/4.8.4/../../../../arm-none-eabi/lib/armv6-m\libg_s.a(lib_a-init.o)
 .debug_frame   0x00000a9c       0x20 c:/freescale/kds_v3/toolchain/bin/../lib/gcc/arm-none-eabi/4.8.4/../../../../arm-none-eabi/lib/armv6-m\libg_s.a(lib_a-memset.o)
 .debug_frame   0x00000abc       0x20 c:/freescale/kds_v3/toolchain/bin/../lib/gcc/arm-none-eabi/4.8.4/../../../../arm-none-eabi/lib/armv6-m\libnosys.a(_exit.o)
