23:31:21 **** Incremental Build of configuration Debug for project GoodsTrackerControl ****
make all 
Building file: ../Sources/Communication/protocol.c
Invoking: Cross ARM GNU C Compiler
arm-none-eabi-gcc -mcpu=cortex-m0plus -mthumb -O0 -fmessage-length=0 -fsigned-char -ffunction-sections -fdata-sections  -g3 -I"F:/workspace/GoodsTracker/platform/GoodsTrackerControl/Static_Code/PDD" -I"F:/workspace/GoodsTracker/platform/GoodsTrackerControl/Includes" -I"F:/workspace/GoodsTracker/platform/GoodsTrackerControl/Static_Code/IO_Map" -I"F:/workspace/GoodsTracker/platform/GoodsTrackerControl/Sources" -I"F:/workspace/GoodsTracker/platform/GoodsTrackerControl/Generated_Code" -MMD -MP -MF"Sources/Communication/protocol.d" -MT"Sources/Communication/protocol.o" -c -o "Sources/Communication/protocol.o" "../Sources/Communication/protocol.c"
../Sources/Communication/protocol.c: In function 'decoderFrame':
../Sources/Communication/protocol.c:168:15: warning: passing argument 1 of 'AsInteger' from incompatible pointer type [-Wincompatible-pointer-types]
     AsInteger(&package_rx->Header.time_stamp, frameRx.Data,2,CHAR_SEPARATOR) &&
               ^
In file included from ../Sources/Communication/protocol.c:5:0:
F:/workspace/GoodsTracker/platform/GoodsTrackerControl/Includes/utils.h:54:6: note: expected 'int *' but argument is of type 'int32_t * {aka long int *}'
 bool AsInteger(int* out,char *str,uint16_t index,const char a_delim);
      ^~~~~~~~~
Finished building: ../Sources/Communication/protocol.c
 
Building target: GoodsTrackerControl.elf
Invoking: Cross ARM GNU C++ Linker
arm-none-eabi-g++ -mcpu=cortex-m0plus -mthumb -O0 -fmessage-length=0 -fsigned-char -ffunction-sections -fdata-sections  -g3 -T "F:/workspace/GoodsTracker/platform/GoodsTrackerControl/Project_Settings/Linker_Files/ProcessorExpert.ld" -Xlinker --gc-sections -L"F:/workspace/GoodsTracker/platform/GoodsTrackerControl/Project_Settings/Linker_Files" -Wl,-Map,"GoodsTrackerControl.map" -specs=nano.specs -specs=nosys.specs -o "GoodsTrackerControl.elf"  ./Sources/clock/clock.o  ./Sources/Utils/Frame.o ./Sources/Utils/RingBuffer.o ./Sources/Utils/utils.o  ./Sources/Tank/Tank.o  ./Sources/IHM/ihm.o ./Sources/IHM/lcd.o  ./Sources/GPS/gps.o  ./Sources/Communication/Communication.o ./Sources/Communication/CommunicationFrame.o ./Sources/Communication/Serialization.o ./Sources/Communication/protocol.o ./Sources/Communication/serial.o  ./Sources/App/application.o ./Sources/App/consumer.o  ./Sources/Accelerometer/Accelerometer.o ./Sources/Accelerometer/MMA8451.o  ./Sources/Events.o ./Sources/frtos_tasks.o ./Sources/main.o  ./Project_Settings/Startup_Code/startup.o  ./Generated_Code/AD1.o ./Generated_Code/AS1.o ./Generated_Code/AS2.o ./Generated_Code/ASerialLdd1.o ./Generated_Code/ASerialLdd2.o ./Generated_Code/AdcLdd1.o ./Generated_Code/BitIoLdd1.o ./Generated_Code/BitIoLdd12.o ./Generated_Code/BitIoLdd13.o ./Generated_Code/BitIoLdd14.o ./Generated_Code/BitIoLdd15.o ./Generated_Code/BitIoLdd2.o ./Generated_Code/BitIoLdd3.o ./Generated_Code/BitIoLdd6.o ./Generated_Code/BitIoLdd7.o ./Generated_Code/Cpu.o ./Generated_Code/DB41.o ./Generated_Code/DB51.o ./Generated_Code/DB61.o ./Generated_Code/DB71.o ./Generated_Code/EN1.o ./Generated_Code/FRTOS1.o ./Generated_Code/I2C2.o ./Generated_Code/LCDout.o ./Generated_Code/LED_B.o ./Generated_Code/LED_G.o ./Generated_Code/LED_R.o ./Generated_Code/LEDpin1.o ./Generated_Code/LEDpin2.o ./Generated_Code/LEDpin3.o ./Generated_Code/MCUC1.o ./Generated_Code/PE_LDD.o ./Generated_Code/RS1.o ./Generated_Code/RTC1.o ./Generated_Code/TI1.o ./Generated_Code/TSK1.o ./Generated_Code/TU1.o ./Generated_Code/TimerIntLdd1.o ./Generated_Code/UTIL1.o ./Generated_Code/Vectors.o ./Generated_Code/WAIT1.o ./Generated_Code/WAIT2.o ./Generated_Code/WAIT3.o ./Generated_Code/WAIT4.o ./Generated_Code/XF1.o ./Generated_Code/croutine.o ./Generated_Code/event_groups.o ./Generated_Code/heap_1.o ./Generated_Code/heap_2.o ./Generated_Code/heap_3.o ./Generated_Code/heap_4.o ./Generated_Code/heap_5.o ./Generated_Code/heap_useNewlib.o ./Generated_Code/list.o ./Generated_Code/mpu_wrappers.o ./Generated_Code/port.o ./Generated_Code/queue.o ./Generated_Code/tasks.o ./Generated_Code/timers.o   
Finished building target: GoodsTrackerControl.elf
 
Invoking: Cross ARM GNU Create Flash Image
arm-none-eabi-objcopy -O srec "GoodsTrackerControl.elf"  "GoodsTrackerControl.srec"
Finished building: GoodsTrackerControl.srec
 
Invoking: Cross ARM GNU Print Size
arm-none-eabi-size --format=berkeley "GoodsTrackerControl.elf"
   text	   data	    bss	    dec	    hex	filename
  62364	    600	  15724	  78688	  13360	GoodsTrackerControl.elf
Finished building: GoodsTrackerControl.siz
 
23:31:30 **** Incremental Build of configuration Debug for project GoodsTrackerControl ****
make all 
Invoking: Cross ARM GNU Print Size
arm-none-eabi-size --format=berkeley "GoodsTrackerControl.elf"
   text	   data	    bss	    dec	    hex	filename
  62364	    600	  15724	  78688	  13360	GoodsTrackerControl.elf
Finished building: GoodsTrackerControl.siz
 
23:31:46 **** Incremental Build of configuration Debug for project GoodsTrackerControl ****
make all 
Invoking: Cross ARM GNU Print Size
arm-none-eabi-size --format=berkeley "GoodsTrackerControl.elf"
   text	   data	    bss	    dec	    hex	filename
  62364	    600	  15724	  78688	  13360	GoodsTrackerControl.elf
Finished building: GoodsTrackerControl.siz
 
