10:38:11 **** Incremental Build of configuration Debug for project GoodsTrackerControl ****
make all 
Invoking: Cross ARM GNU Print Size
arm-none-eabi-size --format=berkeley "GoodsTrackerControl.elf"
   text	   data	    bss	    dec	    hex	filename
  64400	    600	  14212	  79212	  1356c	GoodsTrackerControl.elf
Finished building: GoodsTrackerControl.siz
 
10:38:16 **** Incremental Build of configuration Debug for project GoodsTrackerControl ****
make all 
Invoking: Cross ARM GNU Print Size
arm-none-eabi-size --format=berkeley "GoodsTrackerControl.elf"
   text	   data	    bss	    dec	    hex	filename
  64400	    600	  14212	  79212	  1356c	GoodsTrackerControl.elf
Finished building: GoodsTrackerControl.siz
 
10:40:16 **** Incremental Build of configuration Debug for project GoodsTrackerControl ****
make all 
Invoking: Cross ARM GNU Print Size
arm-none-eabi-size --format=berkeley "GoodsTrackerControl.elf"
   text	   data	    bss	    dec	    hex	filename
  64400	    600	  14212	  79212	  1356c	GoodsTrackerControl.elf
Finished building: GoodsTrackerControl.siz
 
10:42:36 **** Incremental Build of configuration Debug for project GoodsTrackerControl ****
make all 
Invoking: Cross ARM GNU Print Size
arm-none-eabi-size --format=berkeley "GoodsTrackerControl.elf"
   text	   data	    bss	    dec	    hex	filename
  64400	    600	  14212	  79212	  1356c	GoodsTrackerControl.elf
Finished building: GoodsTrackerControl.siz
 
